parallel scenario jobs=14 workers=14 algorithms=algo_union_170 max_seconds=170.0
S1 [1/30] running S1_inst_01.txt algo_union_170
S3 [1/30] running S3_inst_01.txt algo_union_170
S2 [1/30] running S2_inst_01.txt algo_union_170
S10 [1/30] running S10_inst_01.txt algo_union_170
S4 [1/30] running S4_inst_01.txt algo_union_170
S5 [1/30] running S5_inst_01.txt algo_union_170
S7 [1/30] running S7_inst_01.txt algo_union_170
S8 [1/30] running S8_inst_01.txt algo_union_170
S6 [1/30] running S6_inst_01.txt algo_union_170
S9 [1/30] running S9_inst_01.txt algo_union_170
S11 [1/30] running S11_inst_01.txt algo_union_170
S12 [1/30] running S12_inst_01.txt algo_union_170
S14 [1/30] running S14_inst_01.txt algo_union_170
S13 [1/30] running S13_inst_01.txt algo_union_170
S2 [1/30] ok S2_inst_01.txt algo_union_170 seconds=0.165383 profit=151660 moving_time=630
S2 [2/30] running S2_inst_02.txt algo_union_170
S1 [1/30] ok S1_inst_01.txt algo_union_170 seconds=0.188512 profit=2076945 moving_time=7020
S1 [2/30] running S1_inst_02.txt algo_union_170
S6 [1/30] ok S6_inst_01.txt algo_union_170 seconds=0.187547 profit=1893458 moving_time=9000
S6 [2/30] running S6_inst_02.txt algo_union_170
S5 [1/30] ok S5_inst_01.txt algo_union_170 seconds=0.197878 profit=1670050 moving_time=7740
S5 [2/30] running S5_inst_02.txt algo_union_170
S14 [1/30] ok S14_inst_01.txt algo_union_170 seconds=0.195930 profit=1813782 moving_time=7020
S14 [2/30] running S14_inst_02.txt algo_union_170
S9 [1/30] ok S9_inst_01.txt algo_union_170 seconds=0.202049 profit=2084037 moving_time=7650
S9 [2/30] running S9_inst_02.txt algo_union_170
S7 [1/30] ok S7_inst_01.txt algo_union_170 seconds=0.239733 profit=1954527 moving_time=7830
S7 [2/30] running S7_inst_02.txt algo_union_170
Restricted license - for non-production use only - expires 2027-11-29
S3 [1/30] ok S3_inst_01.txt algo_union_170 seconds=0.258189 profit=616066 moving_time=2700
S3 [2/30] running S3_inst_02.txt algo_union_170
Restricted license - for non-production use only - expires 2027-11-29
Restricted license - for non-production use only - expires 2027-11-29
S6 [2/30] ok S6_inst_02.txt algo_union_170 seconds=0.140025 profit=1857071 moving_time=9000
S6 [3/30] running S6_inst_03.txt algo_union_170
Restricted license - for non-production use only - expires 2027-11-29
S9 [2/30] ok S9_inst_02.txt algo_union_170 seconds=0.172502 profit=1685863 moving_time=7470
S9 [3/30] running S9_inst_03.txt algo_union_170
S2 [2/30] ok S2_inst_02.txt algo_union_170 seconds=0.210542 profit=116227 moving_time=720
S2 [3/30] running S2_inst_03.txt algo_union_170
S1 [2/30] ok S1_inst_02.txt algo_union_170 seconds=0.208289 profit=1968696 moving_time=8100
S1 [3/30] running S1_inst_03.txt algo_union_170
S3 [2/30] ok S3_inst_02.txt algo_union_170 seconds=0.131762 profit=539819 moving_time=2430
S3 [3/30] running S3_inst_03.txt algo_union_170
Restricted license - for non-production use only - expires 2027-11-29
Restricted license - for non-production use only - expires 2027-11-29
S2 [3/30] ok S2_inst_03.txt algo_union_170 seconds=0.083900 profit=143222 moving_time=810
S2 [4/30] running S2_inst_04.txt algo_union_170
Restricted license - for non-production use only - expires 2027-11-29
Restricted license - for non-production use only - expires 2027-11-29
Restricted license - for non-production use only - expires 2027-11-29
S1 [3/30] ok S1_inst_03.txt algo_union_170 seconds=0.147856 profit=1861859 moving_time=6750
S1 [4/30] running S1_inst_04.txt algo_union_170
S6 [3/30] ok S6_inst_03.txt algo_union_170 seconds=0.195187 profit=2065068 moving_time=9000
S6 [4/30] running S6_inst_04.txt algo_union_170
S9 [3/30] ok S9_inst_03.txt algo_union_170 seconds=0.181392 profit=2117582 moving_time=7200
S9 [4/30] running S9_inst_04.txt algo_union_170
S3 [3/30] ok S3_inst_03.txt algo_union_170 seconds=0.179983 profit=515235 moving_time=2430
S3 [4/30] running S3_inst_04.txt algo_union_170
S2 [4/30] ok S2_inst_04.txt algo_union_170 seconds=0.245035 profit=153613 moving_time=630
S2 [5/30] running S2_inst_05.txt algo_union_170
S6 [4/30] ok S6_inst_04.txt algo_union_170 seconds=0.166326 profit=2212228 moving_time=9000
S6 [5/30] running S6_inst_05.txt algo_union_170
S9 [4/30] ok S9_inst_04.txt algo_union_170 seconds=0.175564 profit=1629840 moving_time=7560
S9 [5/30] running S9_inst_05.txt algo_union_170
S3 [4/30] ok S3_inst_04.txt algo_union_170 seconds=0.243360 profit=462023 moving_time=2700
S3 [5/30] running S3_inst_05.txt algo_union_170
S2 [5/30] ok S2_inst_05.txt algo_union_170 seconds=0.140603 profit=198431 moving_time=900
S2 [6/30] running S2_inst_06.txt algo_union_170
S6 [5/30] ok S6_inst_05.txt algo_union_170 seconds=0.213078 profit=1674750 moving_time=9000
S6 [6/30] running S6_inst_06.txt algo_union_170
S3 [5/30] ok S3_inst_05.txt algo_union_170 seconds=0.163697 profit=490314 moving_time=2430
S3 [6/30] running S3_inst_06.txt algo_union_170
S9 [5/30] ok S9_inst_05.txt algo_union_170 seconds=0.255069 profit=1673386 moving_time=7200
S9 [6/30] running S9_inst_06.txt algo_union_170
S2 [6/30] ok S2_inst_06.txt algo_union_170 seconds=0.155444 profit=182005 moving_time=810
S2 [7/30] running S2_inst_07.txt algo_union_170
S3 [6/30] ok S3_inst_06.txt algo_union_170 seconds=0.121783 profit=507162 moving_time=2430
S3 [7/30] running S3_inst_07.txt algo_union_170
S2 [7/30] ok S2_inst_07.txt algo_union_170 seconds=0.160894 profit=171673 moving_time=900
S2 [8/30] running S2_inst_08.txt algo_union_170
S9 [6/30] ok S9_inst_06.txt algo_union_170 seconds=0.224567 profit=1944451 moving_time=7740
S9 [7/30] running S9_inst_07.txt algo_union_170
S3 [7/30] ok S3_inst_07.txt algo_union_170 seconds=0.157739 profit=676874 moving_time=2610
S3 [8/30] running S3_inst_08.txt algo_union_170
S2 [8/30] ok S2_inst_08.txt algo_union_170 seconds=0.160788 profit=106480 moving_time=810
S2 [9/30] running S2_inst_09.txt algo_union_170
S3 [8/30] ok S3_inst_08.txt algo_union_170 seconds=0.169617 profit=573058 moving_time=2610
S3 [9/30] running S3_inst_09.txt algo_union_170
S9 [7/30] ok S9_inst_07.txt algo_union_170 seconds=0.267188 profit=1784800 moving_time=7740
S9 [8/30] running S9_inst_08.txt algo_union_170
S2 [9/30] ok S2_inst_09.txt algo_union_170 seconds=0.166176 profit=305776 moving_time=810
S2 [10/30] running S2_inst_10.txt algo_union_170
S9 [8/30] ok S9_inst_08.txt algo_union_170 seconds=0.143907 profit=1622319 moving_time=7740
S9 [9/30] running S9_inst_09.txt algo_union_170
S3 [9/30] ok S3_inst_09.txt algo_union_170 seconds=0.215170 profit=522077 moving_time=2250
S3 [10/30] running S3_inst_10.txt algo_union_170
S2 [10/30] ok S2_inst_10.txt algo_union_170 seconds=0.203454 profit=96247 moving_time=720
S2 [11/30] running S2_inst_11.txt algo_union_170
S9 [9/30] ok S9_inst_09.txt algo_union_170 seconds=0.208213 profit=2184128 moving_time=7020
S9 [10/30] running S9_inst_10.txt algo_union_170
S3 [10/30] ok S3_inst_10.txt algo_union_170 seconds=0.192621 profit=598875 moving_time=2160
S3 [11/30] running S3_inst_11.txt algo_union_170
S2 [11/30] ok S2_inst_11.txt algo_union_170 seconds=0.197116 profit=119714 moving_time=900
S2 [12/30] running S2_inst_12.txt algo_union_170
S9 [10/30] ok S9_inst_10.txt algo_union_170 seconds=0.127445 profit=2067997 moving_time=7380
S9 [11/30] running S9_inst_11.txt algo_union_170
S2 [12/30] ok S2_inst_12.txt algo_union_170 seconds=0.137293 profit=272403 moving_time=810
S2 [13/30] running S2_inst_13.txt algo_union_170
S3 [11/30] ok S3_inst_11.txt algo_union_170 seconds=0.208675 profit=501605 moving_time=2340
S3 [12/30] running S3_inst_12.txt algo_union_170
S9 [11/30] ok S9_inst_11.txt algo_union_170 seconds=0.130454 profit=1995581 moving_time=7650
S9 [12/30] running S9_inst_12.txt algo_union_170
S2 [13/30] ok S2_inst_13.txt algo_union_170 seconds=0.114222 profit=188928 moving_time=720
S2 [14/30] running S2_inst_14.txt algo_union_170
S9 [12/30] ok S9_inst_12.txt algo_union_170 seconds=0.152496 profit=1742858 moving_time=7200
S9 [13/30] running S9_inst_13.txt algo_union_170
S3 [12/30] ok S3_inst_12.txt algo_union_170 seconds=0.240362 profit=643592 moving_time=2160
S3 [13/30] running S3_inst_13.txt algo_union_170
S9 [13/30] ok S9_inst_13.txt algo_union_170 seconds=0.139090 profit=2188851 moving_time=6390
S9 [14/30] running S9_inst_14.txt algo_union_170
S3 [13/30] ok S3_inst_13.txt algo_union_170 seconds=0.212215 profit=662988 moving_time=2430
S3 [14/30] running S3_inst_14.txt algo_union_170
S9 [14/30] ok S9_inst_14.txt algo_union_170 seconds=0.217296 profit=1948392 moving_time=7560
S9 [15/30] running S9_inst_15.txt algo_union_170
S3 [14/30] ok S3_inst_14.txt algo_union_170 seconds=0.165339 profit=638669 moving_time=2430
S3 [15/30] running S3_inst_15.txt algo_union_170
S9 [15/30] ok S9_inst_15.txt algo_union_170 seconds=0.229381 profit=2141283 moving_time=7290
S9 [16/30] running S9_inst_16.txt algo_union_170
S3 [15/30] ok S3_inst_15.txt algo_union_170 seconds=0.239889 profit=516389 moving_time=2610
S3 [16/30] running S3_inst_16.txt algo_union_170
S9 [16/30] ok S9_inst_16.txt algo_union_170 seconds=0.155535 profit=2026436 moving_time=7470
S9 [17/30] running S9_inst_17.txt algo_union_170
S3 [16/30] ok S3_inst_16.txt algo_union_170 seconds=0.171110 profit=507186 moving_time=2790
S3 [17/30] running S3_inst_17.txt algo_union_170
S9 [17/30] ok S9_inst_17.txt algo_union_170 seconds=0.167320 profit=1991738 moving_time=7560
S9 [18/30] running S9_inst_18.txt algo_union_170
S3 [17/30] ok S3_inst_17.txt algo_union_170 seconds=0.148025 profit=739798 moving_time=2430
S3 [18/30] running S3_inst_18.txt algo_union_170
S9 [18/30] ok S9_inst_18.txt algo_union_170 seconds=0.171596 profit=1934166 moving_time=7470
S9 [19/30] running S9_inst_19.txt algo_union_170
S9 [19/30] ok S9_inst_19.txt algo_union_170 seconds=0.142482 profit=1705523 moving_time=7200
S9 [20/30] running S9_inst_20.txt algo_union_170
S9 [20/30] ok S9_inst_20.txt algo_union_170 seconds=0.220390 profit=1893330 moving_time=7200
S9 [21/30] running S9_inst_21.txt algo_union_170
S9 [21/30] ok S9_inst_21.txt algo_union_170 seconds=0.183580 profit=1822571 moving_time=7290
S9 [22/30] running S9_inst_22.txt algo_union_170
S9 [22/30] ok S9_inst_22.txt algo_union_170 seconds=0.192063 profit=2144649 moving_time=7110
S9 [23/30] running S9_inst_23.txt algo_union_170
Restricted license - for non-production use only - expires 2027-11-29
S2 [14/30] ok S2_inst_14.txt algo_union_170 seconds=5.881400 profit=134568 moving_time=630
S2 [15/30] running S2_inst_15.txt algo_union_170
S2 [15/30] ok S2_inst_15.txt algo_union_170 seconds=0.135761 profit=141465 moving_time=630
S2 [16/30] running S2_inst_16.txt algo_union_170
S2 [16/30] ok S2_inst_16.txt algo_union_170 seconds=0.097194 profit=153031 moving_time=720
S2 [17/30] running S2_inst_17.txt algo_union_170
S2 [17/30] ok S2_inst_17.txt algo_union_170 seconds=0.157971 profit=257620 moving_time=810
S2 [18/30] running S2_inst_18.txt algo_union_170
S2 [18/30] ok S2_inst_18.txt algo_union_170 seconds=0.133768 profit=155072 moving_time=720
S2 [19/30] running S2_inst_19.txt algo_union_170
S2 [19/30] ok S2_inst_19.txt algo_union_170 seconds=0.119208 profit=144614 moving_time=810
S2 [20/30] running S2_inst_20.txt algo_union_170
S2 [20/30] ok S2_inst_20.txt algo_union_170 seconds=0.183980 profit=219870 moving_time=810
S2 [21/30] running S2_inst_21.txt algo_union_170
S2 [21/30] ok S2_inst_21.txt algo_union_170 seconds=0.127870 profit=157509 moving_time=630
S2 [22/30] running S2_inst_22.txt algo_union_170
S2 [22/30] ok S2_inst_22.txt algo_union_170 seconds=0.103472 profit=121568 moving_time=630
S2 [23/30] running S2_inst_23.txt algo_union_170
S2 [23/30] ok S2_inst_23.txt algo_union_170 seconds=0.121447 profit=159561 moving_time=810
S2 [24/30] running S2_inst_24.txt algo_union_170
S3 [18/30] ok S3_inst_18.txt algo_union_170 seconds=9.430724 profit=586264 moving_time=2430
S3 [19/30] running S3_inst_19.txt algo_union_170
S3 [19/30] ok S3_inst_19.txt algo_union_170 seconds=0.132537 profit=651592 moving_time=2520
S3 [20/30] running S3_inst_20.txt algo_union_170
S2 [24/30] ok S2_inst_24.txt algo_union_170 seconds=5.789919 profit=177497 moving_time=630
S2 [25/30] running S2_inst_25.txt algo_union_170
S2 [25/30] ok S2_inst_25.txt algo_union_170 seconds=0.181762 profit=195889 moving_time=900
S2 [26/30] running S2_inst_26.txt algo_union_170
S2 [26/30] ok S2_inst_26.txt algo_union_170 seconds=0.153446 profit=136033 moving_time=720
S2 [27/30] running S2_inst_27.txt algo_union_170
S2 [27/30] ok S2_inst_27.txt algo_union_170 seconds=0.091175 profit=167778 moving_time=630
S2 [28/30] running S2_inst_28.txt algo_union_170
S2 [28/30] ok S2_inst_28.txt algo_union_170 seconds=0.150173 profit=169536 moving_time=810
S2 [29/30] running S2_inst_29.txt algo_union_170
S2 [29/30] ok S2_inst_29.txt algo_union_170 seconds=0.127824 profit=148091 moving_time=630
S2 [30/30] running S2_inst_30.txt algo_union_170
S2 [30/30] ok S2_inst_30.txt algo_union_170 seconds=0.205397 profit=130220 moving_time=360
scenario done: S2
S1 [4/30] ok S1_inst_04.txt algo_union_170 seconds=18.714852 profit=2325960 moving_time=7200
S1 [5/30] running S1_inst_05.txt algo_union_170
S1 [5/30] ok S1_inst_05.txt algo_union_170 seconds=0.215417 profit=1994277 moving_time=6750
S1 [6/30] running S1_inst_06.txt algo_union_170
S6 [6/30] ok S6_inst_06.txt algo_union_170 seconds=18.527295 profit=1825883 moving_time=8910
S6 [7/30] running S6_inst_07.txt algo_union_170
S1 [6/30] ok S1_inst_06.txt algo_union_170 seconds=0.185774 profit=2177625 moving_time=7830
S1 [7/30] running S1_inst_07.txt algo_union_170
S6 [7/30] ok S6_inst_07.txt algo_union_170 seconds=0.208607 profit=2255615 moving_time=9000
S6 [8/30] running S6_inst_08.txt algo_union_170
S6 [8/30] ok S6_inst_08.txt algo_union_170 seconds=0.131562 profit=1986421 moving_time=9000
S6 [9/30] running S6_inst_09.txt algo_union_170
S1 [7/30] ok S1_inst_07.txt algo_union_170 seconds=0.155956 profit=1677512 moving_time=7380
S1 [8/30] running S1_inst_08.txt algo_union_170
S1 [8/30] ok S1_inst_08.txt algo_union_170 seconds=0.141942 profit=1870181 moving_time=7200
S1 [9/30] running S1_inst_09.txt algo_union_170
S6 [9/30] ok S6_inst_09.txt algo_union_170 seconds=0.178996 profit=1988929 moving_time=9000
S6 [10/30] running S6_inst_10.txt algo_union_170
S6 [10/30] ok S6_inst_10.txt algo_union_170 seconds=0.201624 profit=1979751 moving_time=9000
S6 [11/30] running S6_inst_11.txt algo_union_170
S6 [11/30] ok S6_inst_11.txt algo_union_170 seconds=0.114508 profit=1831849 moving_time=9000
S6 [12/30] running S6_inst_12.txt algo_union_170
S6 [12/30] ok S6_inst_12.txt algo_union_170 seconds=0.214610 profit=2077695 moving_time=9000
S6 [13/30] running S6_inst_13.txt algo_union_170
S6 [13/30] ok S6_inst_13.txt algo_union_170 seconds=0.124328 profit=2049033 moving_time=9000
S6 [14/30] running S6_inst_14.txt algo_union_170
S6 [14/30] ok S6_inst_14.txt algo_union_170 seconds=0.125378 profit=2292322 moving_time=9000
S6 [15/30] running S6_inst_15.txt algo_union_170
S6 [15/30] ok S6_inst_15.txt algo_union_170 seconds=0.218307 profit=2077026 moving_time=9000
S6 [16/30] running S6_inst_16.txt algo_union_170
S6 [16/30] ok S6_inst_16.txt algo_union_170 seconds=0.193090 profit=1961208 moving_time=9000
S6 [17/30] running S6_inst_17.txt algo_union_170
Restricted license - for non-production use only - expires 2027-11-29
S3 [20/30] ok S3_inst_20.txt algo_union_170 seconds=8.823607 profit=552062 moving_time=2520
S3 [21/30] running S3_inst_21.txt algo_union_170
S3 [21/30] ok S3_inst_21.txt algo_union_170 seconds=0.119527 profit=673678 moving_time=2340
S3 [22/30] running S3_inst_22.txt algo_union_170
S3 [22/30] ok S3_inst_22.txt algo_union_170 seconds=0.177396 profit=650576 moving_time=2250
S3 [23/30] running S3_inst_23.txt algo_union_170
S9 [23/30] ok S9_inst_23.txt algo_union_170 seconds=18.605047 profit=2318451 moving_time=6660
S9 [24/30] running S9_inst_24.txt algo_union_170
S9 [24/30] ok S9_inst_24.txt algo_union_170 seconds=0.162649 profit=1714319 moving_time=7560
S9 [25/30] running S9_inst_25.txt algo_union_170
S9 [25/30] ok S9_inst_25.txt algo_union_170 seconds=0.184445 profit=1701011 moving_time=7380
S9 [26/30] running S9_inst_26.txt algo_union_170
Restricted license - for non-production use only - expires 2027-11-29
S9 [26/30] ok S9_inst_26.txt algo_union_170 seconds=0.128783 profit=1786515 moving_time=7470
S9 [27/30] running S9_inst_27.txt algo_union_170
S9 [27/30] ok S9_inst_27.txt algo_union_170 seconds=0.235597 profit=1731331 moving_time=7740
S9 [28/30] running S9_inst_28.txt algo_union_170
S9 [28/30] ok S9_inst_28.txt algo_union_170 seconds=0.125692 profit=1637015 moving_time=7200
S9 [29/30] running S9_inst_29.txt algo_union_170
S9 [29/30] ok S9_inst_29.txt algo_union_170 seconds=0.154481 profit=1747982 moving_time=7200
S9 [30/30] running S9_inst_30.txt algo_union_170
S11 [1/30] ok S11_inst_01.txt algo_union_170 seconds=30.372522 profit=1868896 moving_time=7290
S11 [2/30] running S11_inst_02.txt algo_union_170
S11 [2/30] ok S11_inst_02.txt algo_union_170 seconds=0.211236 profit=1744443 moving_time=7740
S11 [3/30] running S11_inst_03.txt algo_union_170
S11 [3/30] ok S11_inst_03.txt algo_union_170 seconds=0.216380 profit=1776266 moving_time=7650
S11 [4/30] running S11_inst_04.txt algo_union_170
S3 [23/30] ok S3_inst_23.txt algo_union_170 seconds=8.893569 profit=355699 moving_time=2610
S3 [24/30] running S3_inst_24.txt algo_union_170
S11 [4/30] ok S11_inst_04.txt algo_union_170 seconds=0.150765 profit=1804050 moving_time=7560
S11 [5/30] running S11_inst_05.txt algo_union_170
S3 [24/30] ok S3_inst_24.txt algo_union_170 seconds=0.156973 profit=529561 moving_time=2700
S3 [25/30] running S3_inst_25.txt algo_union_170
S11 [5/30] ok S11_inst_05.txt algo_union_170 seconds=0.210230 profit=1854543 moving_time=7830
S11 [6/30] running S11_inst_06.txt algo_union_170
S3 [25/30] ok S3_inst_25.txt algo_union_170 seconds=0.191443 profit=610994 moving_time=2340
S3 [26/30] running S3_inst_26.txt algo_union_170
S11 [6/30] ok S11_inst_06.txt algo_union_170 seconds=0.157629 profit=1860134 moving_time=7470
S11 [7/30] running S11_inst_07.txt algo_union_170
S3 [26/30] ok S3_inst_26.txt algo_union_170 seconds=0.142707 profit=567814 moving_time=2250
S3 [27/30] running S3_inst_27.txt algo_union_170
S11 [7/30] ok S11_inst_07.txt algo_union_170 seconds=0.191919 profit=1887038 moving_time=7650
S11 [8/30] running S11_inst_08.txt algo_union_170
S11 [8/30] ok S11_inst_08.txt algo_union_170 seconds=0.131990 profit=1643099 moving_time=8010
S11 [9/30] running S11_inst_09.txt algo_union_170
S11 [9/30] ok S11_inst_09.txt algo_union_170 seconds=0.127493 profit=2176999 moving_time=7290
S11 [10/30] running S11_inst_10.txt algo_union_170
S11 [10/30] ok S11_inst_10.txt algo_union_170 seconds=0.147669 profit=2085651 moving_time=8100
S11 [11/30] running S11_inst_11.txt algo_union_170
S11 [11/30] ok S11_inst_11.txt algo_union_170 seconds=0.162800 profit=1818861 moving_time=7560
S11 [12/30] running S11_inst_12.txt algo_union_170
S1 [9/30] ok S1_inst_09.txt algo_union_170 seconds=19.117292 profit=1888696 moving_time=7470
S1 [10/30] running S1_inst_10.txt algo_union_170
S3 [27/30] ok S3_inst_27.txt algo_union_170 seconds=8.848915 profit=545381 moving_time=2250
S3 [28/30] running S3_inst_28.txt algo_union_170
S3 [28/30] ok S3_inst_28.txt algo_union_170 seconds=0.118334 profit=558684 moving_time=2700
S3 [29/30] running S3_inst_29.txt algo_union_170
S9 [30/30] ok S9_inst_30.txt algo_union_170 seconds=16.736409 profit=1528657 moving_time=7560
scenario done: S9
S3 [29/30] ok S3_inst_29.txt algo_union_170 seconds=0.200266 profit=435945 moving_time=2610
S3 [30/30] running S3_inst_30.txt algo_union_170
S3 [30/30] ok S3_inst_30.txt algo_union_170 seconds=8.758501 profit=595298 moving_time=2610
scenario done: S3
S11 [12/30] ok S11_inst_12.txt algo_union_170 seconds=19.695847 profit=1805945 moving_time=7470
S11 [13/30] running S11_inst_13.txt algo_union_170
S11 [13/30] ok S11_inst_13.txt algo_union_170 seconds=0.134963 profit=1989632 moving_time=7740
S11 [14/30] running S11_inst_14.txt algo_union_170
S11 [14/30] ok S11_inst_14.txt algo_union_170 seconds=0.099558 profit=2024487 moving_time=7110
S11 [15/30] running S11_inst_15.txt algo_union_170
S11 [15/30] ok S11_inst_15.txt algo_union_170 seconds=0.145813 profit=1882982 moving_time=7740
S11 [16/30] running S11_inst_16.txt algo_union_170
S11 [16/30] ok S11_inst_16.txt algo_union_170 seconds=0.156751 profit=2013747 moving_time=7560
S11 [17/30] running S11_inst_17.txt algo_union_170
S11 [17/30] ok S11_inst_17.txt algo_union_170 seconds=0.101585 profit=1783499 moving_time=7110
S11 [18/30] running S11_inst_18.txt algo_union_170
S11 [18/30] ok S11_inst_18.txt algo_union_170 seconds=0.140309 profit=1674394 moving_time=7110
S11 [19/30] running S11_inst_19.txt algo_union_170
S11 [19/30] ok S11_inst_19.txt algo_union_170 seconds=0.121218 profit=2135961 moving_time=7830
S11 [20/30] running S11_inst_20.txt algo_union_170
S11 [20/30] ok S11_inst_20.txt algo_union_170 seconds=0.125723 profit=1932373 moving_time=7830
S11 [21/30] running S11_inst_21.txt algo_union_170
S11 [21/30] ok S11_inst_21.txt algo_union_170 seconds=0.132456 profit=1959764 moving_time=7740
S11 [22/30] running S11_inst_22.txt algo_union_170
S11 [22/30] ok S11_inst_22.txt algo_union_170 seconds=0.201496 profit=1818604 moving_time=7110
S11 [23/30] running S11_inst_23.txt algo_union_170
S1 [10/30] ok S1_inst_10.txt algo_union_170 seconds=20.539896 profit=2100577 moving_time=7380
S1 [11/30] running S1_inst_11.txt algo_union_170
S1 [11/30] ok S1_inst_11.txt algo_union_170 seconds=0.183945 profit=2404882 moving_time=7470
S1 [12/30] running S1_inst_12.txt algo_union_170
S1 [12/30] ok S1_inst_12.txt algo_union_170 seconds=0.142190 profit=1646450 moving_time=7110
S1 [13/30] running S1_inst_13.txt algo_union_170
S1 [13/30] ok S1_inst_13.txt algo_union_170 seconds=0.181954 profit=1916262 moving_time=6930
S1 [14/30] running S1_inst_14.txt algo_union_170
S5 [2/30] ok S5_inst_02.txt algo_union_170 seconds=62.603346 profit=1720307 moving_time=7200
S5 [3/30] running S5_inst_03.txt algo_union_170
S5 [3/30] ok S5_inst_03.txt algo_union_170 seconds=0.234241 profit=1618603 moving_time=7290
S5 [4/30] running S5_inst_04.txt algo_union_170
S11 [23/30] ok S11_inst_23.txt algo_union_170 seconds=16.857041 profit=1932888 moving_time=7200
S11 [24/30] running S11_inst_24.txt algo_union_170
S11 [24/30] ok S11_inst_24.txt algo_union_170 seconds=0.107749 profit=1758533 moving_time=7740
S11 [25/30] running S11_inst_25.txt algo_union_170
S11 [25/30] ok S11_inst_25.txt algo_union_170 seconds=0.181586 profit=1927827 moving_time=7470
S11 [26/30] running S11_inst_26.txt algo_union_170
S11 [26/30] ok S11_inst_26.txt algo_union_170 seconds=0.142660 profit=2008750 moving_time=7380
S11 [27/30] running S11_inst_27.txt algo_union_170
S11 [27/30] ok S11_inst_27.txt algo_union_170 seconds=0.110827 profit=1704023 moving_time=7380
S11 [28/30] running S11_inst_28.txt algo_union_170
S11 [28/30] ok S11_inst_28.txt algo_union_170 seconds=0.233233 profit=1894397 moving_time=7380
S11 [29/30] running S11_inst_29.txt algo_union_170
S11 [29/30] ok S11_inst_29.txt algo_union_170 seconds=0.121576 profit=1795822 moving_time=7560
S11 [30/30] running S11_inst_30.txt algo_union_170
S11 [30/30] ok S11_inst_30.txt algo_union_170 seconds=0.180400 profit=2201391 moving_time=7380
scenario done: S11
S1 [14/30] ok S1_inst_14.txt algo_union_170 seconds=18.944161 profit=1800714 moving_time=6930
S1 [15/30] running S1_inst_15.txt algo_union_170
S1 [15/30] ok S1_inst_15.txt algo_union_170 seconds=0.260869 profit=1665629 moving_time=7020
S1 [16/30] running S1_inst_16.txt algo_union_170
S1 [16/30] ok S1_inst_16.txt algo_union_170 seconds=18.688825 profit=1538670 moving_time=7470
S1 [17/30] running S1_inst_17.txt algo_union_170
S1 [17/30] ok S1_inst_17.txt algo_union_170 seconds=17.279485 profit=2030859 moving_time=7380
S1 [18/30] running S1_inst_18.txt algo_union_170
S1 [18/30] ok S1_inst_18.txt algo_union_170 seconds=0.117862 profit=1658624 moving_time=7740
S1 [19/30] running S1_inst_19.txt algo_union_170
S1 [19/30] ok S1_inst_19.txt algo_union_170 seconds=0.230206 profit=2086238 moving_time=7470
S1 [20/30] running S1_inst_20.txt algo_union_170
S1 [20/30] ok S1_inst_20.txt algo_union_170 seconds=0.182711 profit=2121967 moving_time=7650
S1 [21/30] running S1_inst_21.txt algo_union_170
S1 [21/30] ok S1_inst_21.txt algo_union_170 seconds=0.120000 profit=1776933 moving_time=7380
S1 [22/30] running S1_inst_22.txt algo_union_170
S1 [22/30] ok S1_inst_22.txt algo_union_170 seconds=0.206874 profit=1913457 moving_time=7920
S1 [23/30] running S1_inst_23.txt algo_union_170
S1 [23/30] ok S1_inst_23.txt algo_union_170 seconds=0.110247 profit=2295943 moving_time=6750
S1 [24/30] running S1_inst_24.txt algo_union_170
S1 [24/30] ok S1_inst_24.txt algo_union_170 seconds=0.199575 profit=1768015 moving_time=7290
S1 [25/30] running S1_inst_25.txt algo_union_170
S1 [25/30] ok S1_inst_25.txt algo_union_170 seconds=0.144243 profit=2078029 moving_time=7290
S1 [26/30] running S1_inst_26.txt algo_union_170
S1 [26/30] ok S1_inst_26.txt algo_union_170 seconds=0.189123 profit=1865771 moving_time=7650
S1 [27/30] running S1_inst_27.txt algo_union_170
S1 [27/30] ok S1_inst_27.txt algo_union_170 seconds=24.312134 profit=1947130 moving_time=7380
S1 [28/30] running S1_inst_28.txt algo_union_170
S10 [1/30] ok S10_inst_01.txt algo_union_170 seconds=153.635744 profit=1601581 moving_time=7110
S10 [2/30] running S10_inst_02.txt algo_union_170
S1 [28/30] ok S1_inst_28.txt algo_union_170 seconds=19.847164 profit=2080865 moving_time=7200
S1 [29/30] running S1_inst_29.txt algo_union_170
S1 [29/30] ok S1_inst_29.txt algo_union_170 seconds=0.265408 profit=2135355 moving_time=7020
S1 [30/30] running S1_inst_30.txt algo_union_170
S12 [1/30] ok S12_inst_01.txt algo_union_170 seconds=170.194318 profit=-3103563 moving_time=0
S12 [2/30] running S12_inst_02.txt algo_union_170
S4 [1/30] ok S4_inst_01.txt algo_union_170 seconds=170.211882 profit=4245146 moving_time=19980
S4 [2/30] running S4_inst_02.txt algo_union_170
S8 [1/30] ok S8_inst_01.txt algo_union_170 seconds=170.234025 profit=1392105 moving_time=5940
S8 [2/30] running S8_inst_02.txt algo_union_170
S13 [1/30] ok S13_inst_01.txt algo_union_170 seconds=170.389071 profit=-671833 moving_time=1890
S13 [2/30] running S13_inst_02.txt algo_union_170
S8 [2/30] ok S8_inst_02.txt algo_union_170 seconds=0.153175 profit=1874352 moving_time=6930
S8 [3/30] running S8_inst_03.txt algo_union_170
S14 [2/30] ok S14_inst_02.txt algo_union_170 seconds=170.243726 profit=2057922 moving_time=6570
S14 [3/30] running S14_inst_03.txt algo_union_170
S7 [2/30] ok S7_inst_02.txt algo_union_170 seconds=170.201574 profit=1626945 moving_time=4770
S7 [3/30] running S7_inst_03.txt algo_union_170
S8 [3/30] ok S8_inst_03.txt algo_union_170 seconds=0.164879 profit=1979061 moving_time=7470
S8 [4/30] running S8_inst_04.txt algo_union_170
S7 [3/30] ok S7_inst_03.txt algo_union_170 seconds=0.173287 profit=1990041 moving_time=7290
S7 [4/30] running S7_inst_04.txt algo_union_170
S14 [3/30] ok S14_inst_03.txt algo_union_170 seconds=0.244296 profit=1892682 moving_time=7020
S14 [4/30] running S14_inst_04.txt algo_union_170
S8 [4/30] ok S8_inst_04.txt algo_union_170 seconds=0.145438 profit=1655807 moving_time=7560
S8 [5/30] running S8_inst_05.txt algo_union_170
S7 [4/30] ok S7_inst_04.txt algo_union_170 seconds=0.213120 profit=1817887 moving_time=7290
S7 [5/30] running S7_inst_05.txt algo_union_170
S14 [4/30] ok S14_inst_04.txt algo_union_170 seconds=0.173269 profit=2013898 moving_time=7110
S14 [5/30] running S14_inst_05.txt algo_union_170
S8 [5/30] ok S8_inst_05.txt algo_union_170 seconds=0.219424 profit=1880022 moving_time=7470
S8 [6/30] running S8_inst_06.txt algo_union_170
S7 [5/30] ok S7_inst_05.txt algo_union_170 seconds=0.166207 profit=1921815 moving_time=7290
S7 [6/30] running S7_inst_06.txt algo_union_170
S14 [5/30] ok S14_inst_05.txt algo_union_170 seconds=0.243262 profit=1710899 moving_time=7740
S14 [6/30] running S14_inst_06.txt algo_union_170
S8 [6/30] ok S8_inst_06.txt algo_union_170 seconds=0.220791 profit=1762008 moving_time=7200
S8 [7/30] running S8_inst_07.txt algo_union_170
S7 [6/30] ok S7_inst_06.txt algo_union_170 seconds=0.170620 profit=2080882 moving_time=7290
S7 [7/30] running S7_inst_07.txt algo_union_170
S14 [6/30] ok S14_inst_06.txt algo_union_170 seconds=0.218966 profit=1924969 moving_time=6840
S14 [7/30] running S14_inst_07.txt algo_union_170
S8 [7/30] ok S8_inst_07.txt algo_union_170 seconds=0.184100 profit=2034182 moving_time=6930
S8 [8/30] running S8_inst_08.txt algo_union_170
S8 [8/30] ok S8_inst_08.txt algo_union_170 seconds=0.219351 profit=1906624 moving_time=7020
S8 [9/30] running S8_inst_09.txt algo_union_170
S8 [9/30] ok S8_inst_09.txt algo_union_170 seconds=0.171953 profit=2177527 moving_time=7470
S8 [10/30] running S8_inst_10.txt algo_union_170
S8 [10/30] ok S8_inst_10.txt algo_union_170 seconds=0.259104 profit=2090613 moving_time=7020
S8 [11/30] running S8_inst_11.txt algo_union_170
S8 [11/30] ok S8_inst_11.txt algo_union_170 seconds=0.222976 profit=2203484 moving_time=7290
S8 [12/30] running S8_inst_12.txt algo_union_170
S8 [12/30] ok S8_inst_12.txt algo_union_170 seconds=0.181951 profit=1920552 moving_time=7380
S8 [13/30] running S8_inst_13.txt algo_union_170
S1 [30/30] ok S1_inst_30.txt algo_union_170 seconds=22.961528 profit=2293822 moving_time=7920
scenario done: S1
S7 [7/30] ok S7_inst_07.txt algo_union_170 seconds=18.038590 profit=1912914 moving_time=7380
S7 [8/30] running S7_inst_08.txt algo_union_170
S14 [7/30] ok S14_inst_07.txt algo_union_170 seconds=18.409157 profit=1557232 moving_time=7020
S14 [8/30] running S14_inst_08.txt algo_union_170
S6 [17/30] ok S6_inst_17.txt algo_union_170 seconds=170.215231 profit=1602774 moving_time=7200
S6 [18/30] running S6_inst_18.txt algo_union_170
S7 [8/30] ok S7_inst_08.txt algo_union_170 seconds=29.998299 profit=1425252 moving_time=7020
S7 [9/30] running S7_inst_09.txt algo_union_170
S7 [9/30] ok S7_inst_09.txt algo_union_170 seconds=0.122422 profit=1970509 moving_time=7740
S7 [10/30] running S7_inst_10.txt algo_union_170
S7 [10/30] ok S7_inst_10.txt algo_union_170 seconds=0.118055 profit=1919876 moving_time=7740
S7 [11/30] running S7_inst_11.txt algo_union_170
S7 [11/30] ok S7_inst_11.txt algo_union_170 seconds=0.130757 profit=2244341 moving_time=6840
S7 [12/30] running S7_inst_12.txt algo_union_170
S7 [12/30] ok S7_inst_12.txt algo_union_170 seconds=0.132918 profit=1706308 moving_time=7740
S7 [13/30] running S7_inst_13.txt algo_union_170
S7 [13/30] ok S7_inst_13.txt algo_union_170 seconds=0.153082 profit=2025658 moving_time=7740
S7 [14/30] running S7_inst_14.txt algo_union_170
S7 [14/30] ok S7_inst_14.txt algo_union_170 seconds=0.188769 profit=2026272 moving_time=7740
S7 [15/30] running S7_inst_15.txt algo_union_170
S10 [2/30] ok S10_inst_02.txt algo_union_170 seconds=71.121103 profit=1878851 moving_time=7020
S10 [3/30] running S10_inst_03.txt algo_union_170
S5 [4/30] ok S5_inst_04.txt algo_union_170 seconds=165.645479 profit=1670351 moving_time=6930
S5 [5/30] running S5_inst_05.txt algo_union_170
S5 [5/30] ok S5_inst_05.txt algo_union_170 seconds=0.204269 profit=1410427 moving_time=7740
S5 [6/30] running S5_inst_06.txt algo_union_170
S10 [3/30] ok S10_inst_03.txt algo_union_170 seconds=19.736257 profit=1978112 moving_time=8010
S10 [4/30] running S10_inst_04.txt algo_union_170
S10 [4/30] ok S10_inst_04.txt algo_union_170 seconds=21.309914 profit=1742114 moving_time=7830
S10 [5/30] running S10_inst_05.txt algo_union_170
S6 [18/30] ok S6_inst_18.txt algo_union_170 seconds=133.640121 profit=1395491 moving_time=8910
S6 [19/30] running S6_inst_19.txt algo_union_170
S6 [19/30] ok S6_inst_19.txt algo_union_170 seconds=0.249715 profit=2102591 moving_time=9000
S6 [20/30] running S6_inst_20.txt algo_union_170
S6 [20/30] ok S6_inst_20.txt algo_union_170 seconds=0.214536 profit=1887572 moving_time=9000
S6 [21/30] running S6_inst_21.txt algo_union_170
S6 [21/30] ok S6_inst_21.txt algo_union_170 seconds=0.304454 profit=1739946 moving_time=9000
S6 [22/30] running S6_inst_22.txt algo_union_170
S6 [22/30] ok S6_inst_22.txt algo_union_170 seconds=0.158357 profit=2147675 moving_time=9000
S6 [23/30] running S6_inst_23.txt algo_union_170
S12 [2/30] ok S12_inst_02.txt algo_union_170 seconds=170.306443 profit=-2873641 moving_time=0
S12 [3/30] running S12_inst_03.txt algo_union_170
S4 [2/30] ok S4_inst_02.txt algo_union_170 seconds=170.313568 profit=4463651 moving_time=18270
S4 [3/30] running S4_inst_03.txt algo_union_170
S4 [3/30] ok S4_inst_03.txt algo_union_170 seconds=0.215750 profit=4871285 moving_time=18810
S4 [4/30] running S4_inst_04.txt algo_union_170
S13 [2/30] ok S13_inst_02.txt algo_union_170 seconds=170.487455 profit=555142 moving_time=2970
S13 [3/30] running S13_inst_03.txt algo_union_170
S8 [13/30] ok S8_inst_13.txt algo_union_170 seconds=170.264701 profit=1669110 moving_time=6300
S8 [14/30] running S8_inst_14.txt algo_union_170
S8 [14/30] ok S8_inst_14.txt algo_union_170 seconds=0.248846 profit=1754603 moving_time=8100
S8 [15/30] running S8_inst_15.txt algo_union_170
S8 [15/30] ok S8_inst_15.txt algo_union_170 seconds=0.179878 profit=1794980 moving_time=8370
S8 [16/30] running S8_inst_16.txt algo_union_170
S8 [16/30] ok S8_inst_16.txt algo_union_170 seconds=0.384484 profit=1657752 moving_time=7380
S8 [17/30] running S8_inst_17.txt algo_union_170
S8 [17/30] ok S8_inst_17.txt algo_union_170 seconds=0.258953 profit=2020963 moving_time=8010
S8 [18/30] running S8_inst_18.txt algo_union_170
S8 [18/30] ok S8_inst_18.txt algo_union_170 seconds=0.278190 profit=1677752 moving_time=7290
S8 [19/30] running S8_inst_19.txt algo_union_170
S14 [8/30] ok S14_inst_08.txt algo_union_170 seconds=170.223686 profit=1828862 moving_time=5670
S14 [9/30] running S14_inst_09.txt algo_union_170
S10 [5/30] ok S10_inst_05.txt algo_union_170 seconds=103.680174 profit=1863588 moving_time=7830
S10 [6/30] running S10_inst_06.txt algo_union_170
S7 [15/30] ok S7_inst_15.txt algo_union_170 seconds=170.193817 profit=1531200 moving_time=6570
S7 [16/30] running S7_inst_16.txt algo_union_170
S5 [6/30] ok S5_inst_06.txt algo_union_170 seconds=170.110944 profit=1568036 moving_time=7560
S5 [7/30] running S5_inst_07.txt algo_union_170
S5 [7/30] ok S5_inst_07.txt algo_union_170 seconds=0.179101 profit=1891533 moving_time=7020
S5 [8/30] running S5_inst_08.txt algo_union_170
S10 [6/30] ok S10_inst_06.txt algo_union_170 seconds=38.110252 profit=1709482 moving_time=8010
S10 [7/30] running S10_inst_07.txt algo_union_170
S7 [16/30] ok S7_inst_16.txt algo_union_170 seconds=20.535314 profit=1654259 moving_time=7470
S7 [17/30] running S7_inst_17.txt algo_union_170
S7 [17/30] ok S7_inst_17.txt algo_union_170 seconds=0.202258 profit=1916394 moving_time=7740
S7 [18/30] running S7_inst_18.txt algo_union_170
S7 [18/30] ok S7_inst_18.txt algo_union_170 seconds=0.140967 profit=2087962 moving_time=7740
S7 [19/30] running S7_inst_19.txt algo_union_170
S7 [19/30] ok S7_inst_19.txt algo_union_170 seconds=0.232123 profit=1627222 moving_time=8100
S7 [20/30] running S7_inst_20.txt algo_union_170
S7 [20/30] ok S7_inst_20.txt algo_union_170 seconds=0.169573 profit=1807058 moving_time=7650
S7 [21/30] running S7_inst_21.txt algo_union_170
S10 [7/30] ok S10_inst_07.txt algo_union_170 seconds=66.389443 profit=1587150 moving_time=7470
S10 [8/30] running S10_inst_08.txt algo_union_170
S6 [23/30] ok S6_inst_23.txt algo_union_170 seconds=170.303831 profit=1034377 moving_time=5400
S6 [24/30] running S6_inst_24.txt algo_union_170
S14 [9/30] ok S14_inst_09.txt algo_union_170 seconds=137.925683 profit=1606975 moving_time=6300
S14 [10/30] running S14_inst_10.txt algo_union_170
S14 [10/30] ok S14_inst_10.txt algo_union_170 seconds=0.255375 profit=1982503 moving_time=7020
S14 [11/30] running S14_inst_11.txt algo_union_170
S14 [11/30] ok S14_inst_11.txt algo_union_170 seconds=0.210883 profit=1817814 moving_time=7560
S14 [12/30] running S14_inst_12.txt algo_union_170
S14 [12/30] ok S14_inst_12.txt algo_union_170 seconds=0.356168 profit=1785791 moving_time=7560
S14 [13/30] running S14_inst_13.txt algo_union_170
S14 [13/30] ok S14_inst_13.txt algo_union_170 seconds=0.238429 profit=1928165 moving_time=7560
S14 [14/30] running S14_inst_14.txt algo_union_170
S12 [3/30] ok S12_inst_03.txt algo_union_170 seconds=170.247747 profit=-3019615 moving_time=0
S12 [4/30] running S12_inst_04.txt algo_union_170
S4 [4/30] ok S4_inst_04.txt algo_union_170 seconds=170.230709 profit=4100045 moving_time=18720
S4 [5/30] running S4_inst_05.txt algo_union_170
S13 [3/30] ok S13_inst_03.txt algo_union_170 seconds=170.355987 profit=-121916 moving_time=1980
S13 [4/30] running S13_inst_04.txt algo_union_170
S8 [19/30] ok S8_inst_19.txt algo_union_170 seconds=170.179274 profit=158621 moving_time=2970
S8 [20/30] running S8_inst_20.txt algo_union_170
S14 [14/30] ok S14_inst_14.txt algo_union_170 seconds=22.845143 profit=1785182 moving_time=7020
S14 [15/30] running S14_inst_15.txt algo_union_170
S14 [15/30] ok S14_inst_15.txt algo_union_170 seconds=0.145280 profit=1555695 moving_time=6570
S14 [16/30] running S14_inst_16.txt algo_union_170
S14 [16/30] ok S14_inst_16.txt algo_union_170 seconds=0.200979 profit=1584357 moving_time=7380
S14 [17/30] running S14_inst_17.txt algo_union_170
S5 [8/30] ok S5_inst_08.txt algo_union_170 seconds=170.297850 profit=1391724 moving_time=7380
S5 [9/30] running S5_inst_09.txt algo_union_170
S5 [9/30] ok S5_inst_09.txt algo_union_170 seconds=0.139478 profit=1664271 moving_time=7560
S5 [10/30] running S5_inst_10.txt algo_union_170
S5 [10/30] ok S5_inst_10.txt algo_union_170 seconds=0.182010 profit=1727472 moving_time=7650
S5 [11/30] running S5_inst_11.txt algo_union_170
S5 [11/30] ok S5_inst_11.txt algo_union_170 seconds=0.254540 profit=1621266 moving_time=7830
S5 [12/30] running S5_inst_12.txt algo_union_170
S7 [21/30] ok S7_inst_21.txt algo_union_170 seconds=170.240656 profit=1058551 moving_time=4500
S7 [22/30] running S7_inst_22.txt algo_union_170
S7 [22/30] ok S7_inst_22.txt algo_union_170 seconds=0.217712 profit=1808125 moving_time=7290
S7 [23/30] running S7_inst_23.txt algo_union_170
S7 [23/30] ok S7_inst_23.txt algo_union_170 seconds=0.219405 profit=1805622 moving_time=7470
S7 [24/30] running S7_inst_24.txt algo_union_170
S6 [24/30] ok S6_inst_24.txt algo_union_170 seconds=96.622860 profit=1950195 moving_time=8640
S6 [25/30] running S6_inst_25.txt algo_union_170
S6 [25/30] ok S6_inst_25.txt algo_union_170 seconds=0.166191 profit=1750029 moving_time=9000
S6 [26/30] running S6_inst_26.txt algo_union_170
S7 [24/30] ok S7_inst_24.txt algo_union_170 seconds=24.495927 profit=1875037 moving_time=7650
S7 [25/30] running S7_inst_25.txt algo_union_170
S7 [25/30] ok S7_inst_25.txt algo_union_170 seconds=0.167211 profit=1884111 moving_time=7740
S7 [26/30] running S7_inst_26.txt algo_union_170
S7 [26/30] ok S7_inst_26.txt algo_union_170 seconds=0.206658 profit=1965091 moving_time=7200
S7 [27/30] running S7_inst_27.txt algo_union_170
S10 [8/30] ok S10_inst_08.txt algo_union_170 seconds=170.223721 profit=1327017 moving_time=7380
S10 [9/30] running S10_inst_09.txt algo_union_170
S10 [9/30] ok S10_inst_09.txt algo_union_170 seconds=30.587576 profit=1679322 moving_time=7740
S10 [10/30] running S10_inst_10.txt algo_union_170
S12 [4/30] ok S12_inst_04.txt algo_union_170 seconds=170.304010 profit=-3299890 moving_time=0
S12 [5/30] running S12_inst_05.txt algo_union_170
S4 [5/30] ok S4_inst_05.txt algo_union_170 seconds=170.345559 profit=5329533 moving_time=18180
S4 [6/30] running S4_inst_06.txt algo_union_170
S13 [4/30] ok S13_inst_04.txt algo_union_170 seconds=170.229006 profit=-1894806 moving_time=900
S13 [5/30] running S13_inst_05.txt algo_union_170
S4 [6/30] ok S4_inst_06.txt algo_union_170 seconds=0.297353 profit=4484783 moving_time=18990
S4 [7/30] running S4_inst_07.txt algo_union_170
S8 [20/30] ok S8_inst_20.txt algo_union_170 seconds=170.239965 profit=1103069 moving_time=4140
S8 [21/30] running S8_inst_21.txt algo_union_170
S8 [21/30] ok S8_inst_21.txt algo_union_170 seconds=0.363244 profit=1962008 moving_time=8100
S8 [22/30] running S8_inst_22.txt algo_union_170
S14 [17/30] ok S14_inst_17.txt algo_union_170 seconds=170.206797 profit=110696 moving_time=2700
S14 [18/30] running S14_inst_18.txt algo_union_170
S14 [18/30] ok S14_inst_18.txt algo_union_170 seconds=0.370506 profit=1795388 moving_time=7020
S14 [19/30] running S14_inst_19.txt algo_union_170
S14 [19/30] ok S14_inst_19.txt algo_union_170 seconds=0.192129 profit=1913326 moving_time=7650
S14 [20/30] running S14_inst_20.txt algo_union_170
S14 [20/30] ok S14_inst_20.txt algo_union_170 seconds=0.222828 profit=1931697 moving_time=7110
S14 [21/30] running S14_inst_21.txt algo_union_170
S14 [21/30] ok S14_inst_21.txt algo_union_170 seconds=0.190134 profit=2104991 moving_time=7200
S14 [22/30] running S14_inst_22.txt algo_union_170
S14 [22/30] ok S14_inst_22.txt algo_union_170 seconds=0.169865 profit=1918220 moving_time=7740
S14 [23/30] running S14_inst_23.txt algo_union_170
S14 [23/30] ok S14_inst_23.txt algo_union_170 seconds=0.199081 profit=1919741 moving_time=8190
S14 [24/30] running S14_inst_24.txt algo_union_170
S14 [24/30] ok S14_inst_24.txt algo_union_170 seconds=0.157937 profit=1983560 moving_time=7470
S14 [25/30] running S14_inst_25.txt algo_union_170
S10 [10/30] ok S10_inst_10.txt algo_union_170 seconds=21.365131 profit=1906193 moving_time=8010
S10 [11/30] running S10_inst_11.txt algo_union_170
S14 [25/30] ok S14_inst_25.txt algo_union_170 seconds=26.057862 profit=1611756 moving_time=7110
S14 [26/30] running S14_inst_26.txt algo_union_170
S14 [26/30] ok S14_inst_26.txt algo_union_170 seconds=0.260421 profit=1829681 moving_time=7470
S14 [27/30] running S14_inst_27.txt algo_union_170
S14 [27/30] ok S14_inst_27.txt algo_union_170 seconds=0.239118 profit=1857634 moving_time=7740
S14 [28/30] running S14_inst_28.txt algo_union_170
S5 [12/30] ok S5_inst_12.txt algo_union_170 seconds=170.236714 profit=1339161 moving_time=7920
S5 [13/30] running S5_inst_13.txt algo_union_170
S5 [13/30] ok S5_inst_13.txt algo_union_170 seconds=0.267405 profit=1826438 moving_time=7830
S5 [14/30] running S5_inst_14.txt algo_union_170
S5 [14/30] ok S5_inst_14.txt algo_union_170 seconds=0.170291 profit=1841775 moving_time=7560
S5 [15/30] running S5_inst_15.txt algo_union_170
S5 [15/30] ok S5_inst_15.txt algo_union_170 seconds=0.314186 profit=1826281 moving_time=7650
S5 [16/30] running S5_inst_16.txt algo_union_170
S5 [16/30] ok S5_inst_16.txt algo_union_170 seconds=0.289329 profit=1939018 moving_time=6930
S5 [17/30] running S5_inst_17.txt algo_union_170
S5 [17/30] ok S5_inst_17.txt algo_union_170 seconds=0.181367 profit=1897327 moving_time=8190
S5 [18/30] running S5_inst_18.txt algo_union_170
S10 [11/30] ok S10_inst_11.txt algo_union_170 seconds=47.905112 profit=1572320 moving_time=8010
S10 [12/30] running S10_inst_12.txt algo_union_170
S6 [26/30] ok S6_inst_26.txt algo_union_170 seconds=170.202835 profit=84540 moving_time=3600
S6 [27/30] running S6_inst_27.txt algo_union_170
S6 [27/30] ok S6_inst_27.txt algo_union_170 seconds=0.321104 profit=1910975 moving_time=9000
S6 [28/30] running S6_inst_28.txt algo_union_170
S6 [28/30] ok S6_inst_28.txt algo_union_170 seconds=0.271825 profit=1874015 moving_time=9000
S6 [29/30] running S6_inst_29.txt algo_union_170
S10 [12/30] ok S10_inst_12.txt algo_union_170 seconds=20.145576 profit=1916628 moving_time=7650
S10 [13/30] running S10_inst_13.txt algo_union_170
S6 [29/30] ok S6_inst_29.txt algo_union_170 seconds=0.325235 profit=1762615 moving_time=9000
S6 [30/30] running S6_inst_30.txt algo_union_170
S6 [30/30] ok S6_inst_30.txt algo_union_170 seconds=0.286886 profit=2066692 moving_time=9000
scenario done: S6
S7 [27/30] ok S7_inst_27.txt algo_union_170 seconds=170.219467 profit=1457709 moving_time=5670
S7 [28/30] running S7_inst_28.txt algo_union_170
S7 [28/30] ok S7_inst_28.txt algo_union_170 seconds=19.961990 profit=1393005 moving_time=7470
S7 [29/30] running S7_inst_29.txt algo_union_170
S7 [29/30] ok S7_inst_29.txt algo_union_170 seconds=0.169095 profit=2037348 moving_time=7560
S7 [30/30] running S7_inst_30.txt algo_union_170
S7 [30/30] ok S7_inst_30.txt algo_union_170 seconds=0.167002 profit=1812962 moving_time=7740
scenario done: S7
S12 [5/30] ok S12_inst_05.txt algo_union_170 seconds=170.371991 profit=-3069096 moving_time=0
S12 [6/30] running S12_inst_06.txt algo_union_170
S13 [5/30] ok S13_inst_05.txt algo_union_170 seconds=170.389573 profit=435280 moving_time=2610
S13 [6/30] running S13_inst_06.txt algo_union_170
S4 [7/30] ok S4_inst_07.txt algo_union_170 seconds=170.336678 profit=4161415 moving_time=17910
S4 [8/30] running S4_inst_08.txt algo_union_170
S8 [22/30] ok S8_inst_22.txt algo_union_170 seconds=170.376697 profit=1477587 moving_time=4770
S8 [23/30] running S8_inst_23.txt algo_union_170
S8 [23/30] ok S8_inst_23.txt algo_union_170 seconds=0.313975 profit=1988812 moving_time=7740
S8 [24/30] running S8_inst_24.txt algo_union_170
S8 [24/30] ok S8_inst_24.txt algo_union_170 seconds=0.204849 profit=1738843 moving_time=7110
S8 [25/30] running S8_inst_25.txt algo_union_170
S8 [25/30] ok S8_inst_25.txt algo_union_170 seconds=0.256156 profit=1887929 moving_time=7380
S8 [26/30] running S8_inst_26.txt algo_union_170
S14 [28/30] ok S14_inst_28.txt algo_union_170 seconds=170.178695 profit=-61770 moving_time=2340
S14 [29/30] running S14_inst_29.txt algo_union_170
S14 [29/30] ok S14_inst_29.txt algo_union_170 seconds=0.273225 profit=1991151 moving_time=7110
S14 [30/30] running S14_inst_30.txt algo_union_170
S14 [30/30] ok S14_inst_30.txt algo_union_170 seconds=0.170814 profit=1857746 moving_time=6930
scenario done: S14
S5 [18/30] ok S5_inst_18.txt algo_union_170 seconds=170.282888 profit=1374621 moving_time=7200
S5 [19/30] running S5_inst_19.txt algo_union_170
S5 [19/30] ok S5_inst_19.txt algo_union_170 seconds=0.261440 profit=1857744 moving_time=7650
S5 [20/30] running S5_inst_20.txt algo_union_170
S5 [20/30] ok S5_inst_20.txt algo_union_170 seconds=0.221381 profit=1789522 moving_time=7020
S5 [21/30] running S5_inst_21.txt algo_union_170
S5 [21/30] ok S5_inst_21.txt algo_union_170 seconds=0.198347 profit=1526558 moving_time=7110
S5 [22/30] running S5_inst_22.txt algo_union_170
S5 [22/30] ok S5_inst_22.txt algo_union_170 seconds=0.193823 profit=1734757 moving_time=6480
S5 [23/30] running S5_inst_23.txt algo_union_170
S5 [23/30] ok S5_inst_23.txt algo_union_170 seconds=0.177160 profit=1751175 moving_time=7920
S5 [24/30] running S5_inst_24.txt algo_union_170
S5 [24/30] ok S5_inst_24.txt algo_union_170 seconds=0.229787 profit=1478435 moving_time=7920
S5 [25/30] running S5_inst_25.txt algo_union_170
S5 [25/30] ok S5_inst_25.txt algo_union_170 seconds=0.191214 profit=1596422 moving_time=6660
S5 [26/30] running S5_inst_26.txt algo_union_170
S5 [26/30] ok S5_inst_26.txt algo_union_170 seconds=0.215857 profit=1886837 moving_time=7380
S5 [27/30] running S5_inst_27.txt algo_union_170
S5 [27/30] ok S5_inst_27.txt algo_union_170 seconds=0.289023 profit=1978045 moving_time=7020
S5 [28/30] running S5_inst_28.txt algo_union_170
S5 [28/30] ok S5_inst_28.txt algo_union_170 seconds=0.178632 profit=1547922 moving_time=7740
S5 [29/30] running S5_inst_29.txt algo_union_170
S5 [29/30] ok S5_inst_29.txt algo_union_170 seconds=0.289807 profit=1968484 moving_time=7650
S5 [30/30] running S5_inst_30.txt algo_union_170
S5 [30/30] ok S5_inst_30.txt algo_union_170 seconds=0.251865 profit=1881845 moving_time=7380
scenario done: S5
S10 [13/30] ok S10_inst_13.txt algo_union_170 seconds=170.276718 profit=1781058 moving_time=7740
S10 [14/30] running S10_inst_14.txt algo_union_170
S12 [6/30] ok S12_inst_06.txt algo_union_170 seconds=170.186452 profit=-3761072 moving_time=0
S12 [7/30] running S12_inst_07.txt algo_union_170
S13 [6/30] ok S13_inst_06.txt algo_union_170 seconds=170.452235 profit=755894 moving_time=2700
S13 [7/30] running S13_inst_07.txt algo_union_170
S4 [8/30] ok S4_inst_08.txt algo_union_170 seconds=170.337688 profit=4612533 moving_time=20340
S4 [9/30] running S4_inst_09.txt algo_union_170
S8 [26/30] ok S8_inst_26.txt algo_union_170 seconds=170.274710 profit=1768293 moving_time=5670
S8 [27/30] running S8_inst_27.txt algo_union_170
S8 [27/30] ok S8_inst_27.txt algo_union_170 seconds=22.262932 profit=1595399 moving_time=6390
S8 [28/30] running S8_inst_28.txt algo_union_170
S8 [28/30] ok S8_inst_28.txt algo_union_170 seconds=0.161814 profit=1667037 moving_time=7650
S8 [29/30] running S8_inst_29.txt algo_union_170
S8 [29/30] ok S8_inst_29.txt algo_union_170 seconds=23.743850 profit=1885883 moving_time=7830
S8 [30/30] running S8_inst_30.txt algo_union_170
S8 [30/30] ok S8_inst_30.txt algo_union_170 seconds=0.327482 profit=2135666 moving_time=7560
scenario done: S8
S10 [14/30] ok S10_inst_14.txt algo_union_170 seconds=170.161875 profit=1612699 moving_time=6840
S10 [15/30] running S10_inst_15.txt algo_union_170
S12 [7/30] ok S12_inst_07.txt algo_union_170 seconds=170.343995 profit=-2478421 moving_time=0
S12 [8/30] running S12_inst_08.txt algo_union_170
S13 [7/30] ok S13_inst_07.txt algo_union_170 seconds=170.270801 profit=-351181 moving_time=1260
S13 [8/30] running S13_inst_08.txt algo_union_170
S4 [9/30] ok S4_inst_09.txt algo_union_170 seconds=170.303137 profit=2453250 moving_time=18180
S4 [10/30] running S4_inst_10.txt algo_union_170
S4 [10/30] ok S4_inst_10.txt algo_union_170 seconds=0.293629 profit=4041091 moving_time=18450
S4 [11/30] running S4_inst_11.txt algo_union_170
S4 [11/30] ok S4_inst_11.txt algo_union_170 seconds=0.237355 profit=5019639 moving_time=18720
S4 [12/30] running S4_inst_12.txt algo_union_170
S4 [12/30] ok S4_inst_12.txt algo_union_170 seconds=0.203276 profit=4907159 moving_time=18450
S4 [13/30] running S4_inst_13.txt algo_union_170
S4 [13/30] ok S4_inst_13.txt algo_union_170 seconds=0.187617 profit=4483632 moving_time=17730
S4 [14/30] running S4_inst_14.txt algo_union_170
S4 [14/30] ok S4_inst_14.txt algo_union_170 seconds=0.249311 profit=4244900 moving_time=18720
S4 [15/30] running S4_inst_15.txt algo_union_170
S4 [15/30] ok S4_inst_15.txt algo_union_170 seconds=0.303014 profit=4974382 moving_time=18180
S4 [16/30] running S4_inst_16.txt algo_union_170
S10 [15/30] ok S10_inst_15.txt algo_union_170 seconds=143.368920 profit=1611099 moving_time=6840
S10 [16/30] running S10_inst_16.txt algo_union_170
S12 [8/30] ok S12_inst_08.txt algo_union_170 seconds=170.388647 profit=-2615312 moving_time=0
S12 [9/30] running S12_inst_09.txt algo_union_170
S13 [8/30] ok S13_inst_08.txt algo_union_170 seconds=170.268741 profit=-934101 moving_time=1350
S13 [9/30] running S13_inst_09.txt algo_union_170
S4 [16/30] ok S4_inst_16.txt algo_union_170 seconds=170.318803 profit=4766659 moving_time=17820
S4 [17/30] running S4_inst_17.txt algo_union_170
S10 [16/30] ok S10_inst_16.txt algo_union_170 seconds=170.356386 profit=1505933 moving_time=6570
S10 [17/30] running S10_inst_17.txt algo_union_170
S10 [17/30] ok S10_inst_17.txt algo_union_170 seconds=28.671112 profit=1798464 moving_time=7830
S10 [18/30] running S10_inst_18.txt algo_union_170
S12 [9/30] ok S12_inst_09.txt algo_union_170 seconds=170.471753 profit=-2498244 moving_time=0
S12 [10/30] running S12_inst_10.txt algo_union_170
S13 [9/30] ok S13_inst_09.txt algo_union_170 seconds=170.173391 profit=-1108110 moving_time=990
S13 [10/30] running S13_inst_10.txt algo_union_170
S4 [17/30] ok S4_inst_17.txt algo_union_170 seconds=170.264113 profit=4057486 moving_time=18000
S4 [18/30] running S4_inst_18.txt algo_union_170
S10 [18/30] ok S10_inst_18.txt algo_union_170 seconds=170.348866 profit=1533585 moving_time=6480
S10 [19/30] running S10_inst_19.txt algo_union_170
S12 [10/30] ok S12_inst_10.txt algo_union_170 seconds=170.337715 profit=-3545469 moving_time=0
S12 [11/30] running S12_inst_11.txt algo_union_170
S13 [10/30] ok S13_inst_10.txt algo_union_170 seconds=170.467427 profit=-71593 moving_time=2430
S13 [11/30] running S13_inst_11.txt algo_union_170
S4 [18/30] ok S4_inst_18.txt algo_union_170 seconds=170.254129 profit=4271529 moving_time=17010
S4 [19/30] running S4_inst_19.txt algo_union_170
S4 [19/30] ok S4_inst_19.txt algo_union_170 seconds=0.258498 profit=4455137 moving_time=18180
S4 [20/30] running S4_inst_20.txt algo_union_170
S4 [20/30] ok S4_inst_20.txt algo_union_170 seconds=0.278048 profit=5089646 moving_time=18360
S4 [21/30] running S4_inst_21.txt algo_union_170
S4 [21/30] ok S4_inst_21.txt algo_union_170 seconds=0.288304 profit=4765457 moving_time=17280
S4 [22/30] running S4_inst_22.txt algo_union_170
S4 [22/30] ok S4_inst_22.txt algo_union_170 seconds=0.196688 profit=5348070 moving_time=17730
S4 [23/30] running S4_inst_23.txt algo_union_170
S4 [23/30] ok S4_inst_23.txt algo_union_170 seconds=0.318985 profit=4541113 moving_time=19080
S4 [24/30] running S4_inst_24.txt algo_union_170
S10 [19/30] ok S10_inst_19.txt algo_union_170 seconds=170.443675 profit=1678148 moving_time=7920
S10 [20/30] running S10_inst_20.txt algo_union_170
S10 [20/30] ok S10_inst_20.txt algo_union_170 seconds=48.580000 profit=1769478 moving_time=7740
S10 [21/30] running S10_inst_21.txt algo_union_170
S12 [11/30] ok S12_inst_11.txt algo_union_170 seconds=170.318663 profit=-2980456 moving_time=0
S12 [12/30] running S12_inst_12.txt algo_union_170
S13 [11/30] ok S13_inst_11.txt algo_union_170 seconds=170.390383 profit=36618 moving_time=2610
S13 [12/30] running S13_inst_12.txt algo_union_170
S4 [24/30] ok S4_inst_24.txt algo_union_170 seconds=170.271992 profit=4386677 moving_time=18990
S4 [25/30] running S4_inst_25.txt algo_union_170
S4 [25/30] ok S4_inst_25.txt algo_union_170 seconds=0.242644 profit=4354430 moving_time=18990
S4 [26/30] running S4_inst_26.txt algo_union_170
S10 [21/30] ok S10_inst_21.txt algo_union_170 seconds=142.548885 profit=1908769 moving_time=7650
S10 [22/30] running S10_inst_22.txt algo_union_170
S12 [12/30] ok S12_inst_12.txt algo_union_170 seconds=170.290964 profit=-2413750 moving_time=0
S12 [13/30] running S12_inst_13.txt algo_union_170
S13 [12/30] ok S13_inst_12.txt algo_union_170 seconds=170.302868 profit=-1679142 moving_time=720
S13 [13/30] running S13_inst_13.txt algo_union_170
S4 [26/30] ok S4_inst_26.txt algo_union_170 seconds=170.307582 profit=3904175 moving_time=17280
S4 [27/30] running S4_inst_27.txt algo_union_170
S4 [27/30] ok S4_inst_27.txt algo_union_170 seconds=0.357773 profit=4248133 moving_time=18180
S4 [28/30] running S4_inst_28.txt algo_union_170
S4 [28/30] ok S4_inst_28.txt algo_union_170 seconds=0.303624 profit=4866084 moving_time=18450
S4 [29/30] running S4_inst_29.txt algo_union_170
S10 [22/30] ok S10_inst_22.txt algo_union_170 seconds=107.613622 profit=1719136 moving_time=7740
S10 [23/30] running S10_inst_23.txt algo_union_170
S12 [13/30] ok S12_inst_13.txt algo_union_170 seconds=170.310876 profit=-2537116 moving_time=0
S12 [14/30] running S12_inst_14.txt algo_union_170
S13 [13/30] ok S13_inst_13.txt algo_union_170 seconds=170.555215 profit=1027636 moving_time=2970
S13 [14/30] running S13_inst_14.txt algo_union_170
S4 [29/30] ok S4_inst_29.txt algo_union_170 seconds=170.333864 profit=4929138 moving_time=17640
S4 [30/30] running S4_inst_30.txt algo_union_170
S10 [23/30] ok S10_inst_23.txt algo_union_170 seconds=136.626549 profit=1722147 moving_time=7650
S10 [24/30] running S10_inst_24.txt algo_union_170
S10 [24/30] ok S10_inst_24.txt algo_union_170 seconds=113.680567 profit=1663538 moving_time=7650
S10 [25/30] running S10_inst_25.txt algo_union_170
S12 [14/30] ok S12_inst_14.txt algo_union_170 seconds=170.262938 profit=-3056212 moving_time=0
S12 [15/30] running S12_inst_15.txt algo_union_170
S13 [14/30] ok S13_inst_14.txt algo_union_170 seconds=170.334770 profit=-331006 moving_time=1980
S13 [15/30] running S13_inst_15.txt algo_union_170
S4 [30/30] ok S4_inst_30.txt algo_union_170 seconds=170.407296 profit=5505071 moving_time=18450
scenario done: S4
S10 [25/30] ok S10_inst_25.txt algo_union_170 seconds=170.196806 profit=1638711 moving_time=7380
S10 [26/30] running S10_inst_26.txt algo_union_170
S12 [15/30] ok S12_inst_15.txt algo_union_170 seconds=170.303291 profit=-3310492 moving_time=0
S12 [16/30] running S12_inst_16.txt algo_union_170
S13 [15/30] ok S13_inst_15.txt algo_union_170 seconds=170.349319 profit=-588586 moving_time=1800
S13 [16/30] running S13_inst_16.txt algo_union_170
S10 [26/30] ok S10_inst_26.txt algo_union_170 seconds=70.784492 profit=1429646 moving_time=7920
S10 [27/30] running S10_inst_27.txt algo_union_170
S10 [27/30] ok S10_inst_27.txt algo_union_170 seconds=36.875663 profit=1741806 moving_time=7650
S10 [28/30] running S10_inst_28.txt algo_union_170
S12 [16/30] ok S12_inst_16.txt algo_union_170 seconds=170.215042 profit=-3437939 moving_time=0
S12 [17/30] running S12_inst_17.txt algo_union_170
S13 [16/30] ok S13_inst_16.txt algo_union_170 seconds=170.347399 profit=227365 moving_time=2610
S13 [17/30] running S13_inst_17.txt algo_union_170
S10 [28/30] ok S10_inst_28.txt algo_union_170 seconds=163.616859 profit=1471261 moving_time=7200
S10 [29/30] running S10_inst_29.txt algo_union_170
S12 [17/30] ok S12_inst_17.txt algo_union_170 seconds=170.273017 profit=-2858202 moving_time=0
S12 [18/30] running S12_inst_18.txt algo_union_170
S13 [17/30] ok S13_inst_17.txt algo_union_170 seconds=170.392970 profit=95215 moving_time=2250
S13 [18/30] running S13_inst_18.txt algo_union_170
S10 [29/30] ok S10_inst_29.txt algo_union_170 seconds=164.044407 profit=1517002 moving_time=7020
S10 [30/30] running S10_inst_30.txt algo_union_170
S12 [18/30] ok S12_inst_18.txt algo_union_170 seconds=170.264679 profit=-2605298 moving_time=0
S12 [19/30] running S12_inst_19.txt algo_union_170
S13 [18/30] ok S13_inst_18.txt algo_union_170 seconds=170.394343 profit=606434 moving_time=2880
S13 [19/30] running S13_inst_19.txt algo_union_170
S10 [30/30] ok S10_inst_30.txt algo_union_170 seconds=170.210701 profit=1502264 moving_time=7830
scenario done: S10
S12 [19/30] ok S12_inst_19.txt algo_union_170 seconds=170.422633 profit=-2953975 moving_time=0
S12 [20/30] running S12_inst_20.txt algo_union_170
S13 [19/30] ok S13_inst_19.txt algo_union_170 seconds=170.379369 profit=231820 moving_time=1890
S13 [20/30] running S13_inst_20.txt algo_union_170
S12 [20/30] ok S12_inst_20.txt algo_union_170 seconds=170.299424 profit=-2791556 moving_time=0
S12 [21/30] running S12_inst_21.txt algo_union_170
S13 [20/30] ok S13_inst_20.txt algo_union_170 seconds=170.261265 profit=-979869 moving_time=1170
S13 [21/30] running S13_inst_21.txt algo_union_170
S12 [21/30] ok S12_inst_21.txt algo_union_170 seconds=170.287185 profit=-2396915 moving_time=0
S12 [22/30] running S12_inst_22.txt algo_union_170
S13 [21/30] ok S13_inst_21.txt algo_union_170 seconds=170.396172 profit=-1758126 moving_time=720
S13 [22/30] running S13_inst_22.txt algo_union_170
S12 [22/30] ok S12_inst_22.txt algo_union_170 seconds=170.214029 profit=-3268682 moving_time=0
S12 [23/30] running S12_inst_23.txt algo_union_170
S13 [22/30] ok S13_inst_22.txt algo_union_170 seconds=170.583891 profit=622444 moving_time=2970
S13 [23/30] running S13_inst_23.txt algo_union_170
S12 [23/30] ok S12_inst_23.txt algo_union_170 seconds=170.264648 profit=-3100879 moving_time=0
S12 [24/30] running S12_inst_24.txt algo_union_170
S13 [23/30] ok S13_inst_23.txt algo_union_170 seconds=170.428990 profit=-99388 moving_time=2430
S13 [24/30] running S13_inst_24.txt algo_union_170
S12 [24/30] ok S12_inst_24.txt algo_union_170 seconds=170.451367 profit=-2144079 moving_time=0
S12 [25/30] running S12_inst_25.txt algo_union_170
S13 [24/30] ok S13_inst_24.txt algo_union_170 seconds=170.265086 profit=-846163 moving_time=1440
S13 [25/30] running S13_inst_25.txt algo_union_170
S12 [25/30] ok S12_inst_25.txt algo_union_170 seconds=170.316747 profit=-3459513 moving_time=0
S12 [26/30] running S12_inst_26.txt algo_union_170
S13 [25/30] ok S13_inst_25.txt algo_union_170 seconds=170.451360 profit=407395 moving_time=2250
S13 [26/30] running S13_inst_26.txt algo_union_170
S12 [26/30] ok S12_inst_26.txt algo_union_170 seconds=170.347160 profit=-2891986 moving_time=0
S12 [27/30] running S12_inst_27.txt algo_union_170
S13 [26/30] ok S13_inst_26.txt algo_union_170 seconds=170.187095 profit=-2000641 moving_time=180
S13 [27/30] running S13_inst_27.txt algo_union_170
S12 [27/30] ok S12_inst_27.txt algo_union_170 seconds=170.369322 profit=-2921605 moving_time=0
S12 [28/30] running S12_inst_28.txt algo_union_170
S13 [27/30] ok S13_inst_27.txt algo_union_170 seconds=170.365400 profit=-86895 moving_time=2430
S13 [28/30] running S13_inst_28.txt algo_union_170
S12 [28/30] ok S12_inst_28.txt algo_union_170 seconds=170.305386 profit=-2827262 moving_time=0
S12 [29/30] running S12_inst_29.txt algo_union_170
S13 [28/30] ok S13_inst_28.txt algo_union_170 seconds=170.487016 profit=471078 moving_time=2700
S13 [29/30] running S13_inst_29.txt algo_union_170
S12 [29/30] ok S12_inst_29.txt algo_union_170 seconds=170.161592 profit=-2118554 moving_time=0
S12 [30/30] running S12_inst_30.txt algo_union_170
S13 [29/30] ok S13_inst_29.txt algo_union_170 seconds=170.523632 profit=186848 moving_time=2610
S13 [30/30] running S13_inst_30.txt algo_union_170
S12 [30/30] ok S12_inst_30.txt algo_union_170 seconds=170.282692 profit=-2825113 moving_time=0
scenario done: S12
S13 [30/30] ok S13_inst_30.txt algo_union_170 seconds=170.267541 profit=-560592 moving_time=1260
scenario done: S13
ALL DONE
