parallel scenario jobs=14 workers=14 algorithms=algo_union max_seconds=10.0
S1 [1/30] running S1_inst_01.txt algo_union
S2 [1/30] running S2_inst_01.txt algo_union
S13 [1/30] running S13_inst_01.txt algo_union
S3 [1/30] running S3_inst_01.txt algo_union
S4 [1/30] running S4_inst_01.txt algo_union
S5 [1/30] running S5_inst_01.txt algo_union
S6 [1/30] running S6_inst_01.txt algo_union
S7 [1/30] running S7_inst_01.txt algo_union
S8 [1/30] running S8_inst_01.txt algo_union
S10 [1/30] running S10_inst_01.txt algo_union
S12 [1/30] running S12_inst_01.txt algo_union
S11 [1/30] running S11_inst_01.txt algo_union
S9 [1/30] running S9_inst_01.txt algo_union
S14 [1/30] running S14_inst_01.txt algo_union
S2 [1/30] ok S2_inst_01.txt algo_union seconds=0.172826 profit=151660 moving_time=630
S2 [2/30] running S2_inst_02.txt algo_union
S1 [1/30] ok S1_inst_01.txt algo_union seconds=0.187244 profit=2076945 moving_time=7020
S1 [2/30] running S1_inst_02.txt algo_union
S5 [1/30] ok S5_inst_01.txt algo_union seconds=0.194812 profit=1670050 moving_time=7740
S5 [2/30] running S5_inst_02.txt algo_union
S6 [1/30] ok S6_inst_01.txt algo_union seconds=0.172722 profit=1893458 moving_time=9000
S6 [2/30] running S6_inst_02.txt algo_union
S7 [1/30] ok S7_inst_01.txt algo_union seconds=0.235064 profit=1954527 moving_time=7830
S7 [2/30] running S7_inst_02.txt algo_union
Restricted license - for non-production use only - expires 2027-11-29
S3 [1/30] ok S3_inst_01.txt algo_union seconds=0.277097 profit=616066 moving_time=2700
S3 [2/30] running S3_inst_02.txt algo_union
Restricted license - for non-production use only - expires 2027-11-29
S14 [1/30] ok S14_inst_01.txt algo_union seconds=0.281573 profit=1813782 moving_time=7020
S14 [2/30] running S14_inst_02.txt algo_union
Restricted license - for non-production use only - expires 2027-11-29
S9 [1/30] ok S9_inst_01.txt algo_union seconds=0.320244 profit=2084037 moving_time=7650
S9 [2/30] running S9_inst_02.txt algo_union
Restricted license - for non-production use only - expires 2027-11-29
S6 [2/30] ok S6_inst_02.txt algo_union seconds=0.139961 profit=1857071 moving_time=9000
S6 [3/30] running S6_inst_03.txt algo_union
Restricted license - for non-production use only - expires 2027-11-29
S3 [2/30] ok S3_inst_02.txt algo_union seconds=0.132368 profit=539819 moving_time=2430
S3 [3/30] running S3_inst_03.txt algo_union
S1 [2/30] ok S1_inst_02.txt algo_union seconds=0.203890 profit=1968696 moving_time=8100
S1 [3/30] running S1_inst_03.txt algo_union
S2 [2/30] ok S2_inst_02.txt algo_union seconds=0.209414 profit=116227 moving_time=720
S2 [3/30] running S2_inst_03.txt algo_union
Restricted license - for non-production use only - expires 2027-11-29
Restricted license - for non-production use only - expires 2027-11-29
Restricted license - for non-production use only - expires 2027-11-29
S9 [2/30] ok S9_inst_02.txt algo_union seconds=0.185630 profit=1685863 moving_time=7470
S9 [3/30] running S9_inst_03.txt algo_union
S2 [3/30] ok S2_inst_03.txt algo_union seconds=0.083493 profit=143222 moving_time=810
S2 [4/30] running S2_inst_04.txt algo_union
S6 [3/30] ok S6_inst_03.txt algo_union seconds=0.150007 profit=2065068 moving_time=9000
S6 [4/30] running S6_inst_04.txt algo_union
Restricted license - for non-production use only - expires 2027-11-29
S1 [3/30] ok S1_inst_03.txt algo_union seconds=0.147835 profit=1861859 moving_time=6750
S1 [4/30] running S1_inst_04.txt algo_union
S3 [3/30] ok S3_inst_03.txt algo_union seconds=0.179464 profit=515235 moving_time=2430
S3 [4/30] running S3_inst_04.txt algo_union
S6 [4/30] ok S6_inst_04.txt algo_union seconds=0.137537 profit=2212228 moving_time=9000
S6 [5/30] running S6_inst_05.txt algo_union
S9 [3/30] ok S9_inst_03.txt algo_union seconds=0.211332 profit=2117582 moving_time=7200
S9 [4/30] running S9_inst_04.txt algo_union
S2 [4/30] ok S2_inst_04.txt algo_union seconds=0.243902 profit=153613 moving_time=630
S2 [5/30] running S2_inst_05.txt algo_union
S3 [4/30] ok S3_inst_04.txt algo_union seconds=0.244116 profit=462023 moving_time=2700
S3 [5/30] running S3_inst_05.txt algo_union
S6 [5/30] ok S6_inst_05.txt algo_union seconds=0.181769 profit=1674750 moving_time=9000
S6 [6/30] running S6_inst_06.txt algo_union
S2 [5/30] ok S2_inst_05.txt algo_union seconds=0.143269 profit=198431 moving_time=900
S2 [6/30] running S2_inst_06.txt algo_union
S9 [4/30] ok S9_inst_04.txt algo_union seconds=0.198712 profit=1629840 moving_time=7560
S9 [5/30] running S9_inst_05.txt algo_union
S3 [5/30] ok S3_inst_05.txt algo_union seconds=0.175510 profit=490314 moving_time=2430
S3 [6/30] running S3_inst_06.txt algo_union
S2 [6/30] ok S2_inst_06.txt algo_union seconds=0.153100 profit=182005 moving_time=810
S2 [7/30] running S2_inst_07.txt algo_union
S3 [6/30] ok S3_inst_06.txt algo_union seconds=0.122082 profit=507162 moving_time=2430
S3 [7/30] running S3_inst_07.txt algo_union
S9 [5/30] ok S9_inst_05.txt algo_union seconds=0.280921 profit=1673386 moving_time=7200
S9 [6/30] running S9_inst_06.txt algo_union
S2 [7/30] ok S2_inst_07.txt algo_union seconds=0.162838 profit=171673 moving_time=900
S2 [8/30] running S2_inst_08.txt algo_union
S3 [7/30] ok S3_inst_07.txt algo_union seconds=0.158358 profit=676874 moving_time=2610
S3 [8/30] running S3_inst_08.txt algo_union
S2 [8/30] ok S2_inst_08.txt algo_union seconds=0.162196 profit=106480 moving_time=810
S2 [9/30] running S2_inst_09.txt algo_union
S9 [6/30] ok S9_inst_06.txt algo_union seconds=0.263214 profit=1944451 moving_time=7740
S9 [7/30] running S9_inst_07.txt algo_union
S3 [8/30] ok S3_inst_08.txt algo_union seconds=0.185423 profit=573058 moving_time=2610
S3 [9/30] running S3_inst_09.txt algo_union
S2 [9/30] ok S2_inst_09.txt algo_union seconds=0.164763 profit=305776 moving_time=810
S2 [10/30] running S2_inst_10.txt algo_union
S3 [9/30] ok S3_inst_09.txt algo_union seconds=0.216617 profit=522077 moving_time=2250
S3 [10/30] running S3_inst_10.txt algo_union
S2 [10/30] ok S2_inst_10.txt algo_union seconds=0.204078 profit=96247 moving_time=720
S2 [11/30] running S2_inst_11.txt algo_union
S9 [7/30] ok S9_inst_07.txt algo_union seconds=0.308251 profit=1784800 moving_time=7740
S9 [8/30] running S9_inst_08.txt algo_union
S3 [10/30] ok S3_inst_10.txt algo_union seconds=0.194299 profit=598875 moving_time=2160
S3 [11/30] running S3_inst_11.txt algo_union
S2 [11/30] ok S2_inst_11.txt algo_union seconds=0.196697 profit=119714 moving_time=900
S2 [12/30] running S2_inst_12.txt algo_union
S9 [8/30] ok S9_inst_08.txt algo_union seconds=0.177791 profit=1622319 moving_time=7740
S9 [9/30] running S9_inst_09.txt algo_union
S3 [11/30] ok S3_inst_11.txt algo_union seconds=0.210891 profit=501605 moving_time=2340
S3 [12/30] running S3_inst_12.txt algo_union
S2 [12/30] ok S2_inst_12.txt algo_union seconds=0.165854 profit=272403 moving_time=810
S2 [13/30] running S2_inst_13.txt algo_union
S9 [9/30] ok S9_inst_09.txt algo_union seconds=0.208516 profit=2184128 moving_time=7020
S9 [10/30] running S9_inst_10.txt algo_union
S2 [13/30] ok S2_inst_13.txt algo_union seconds=0.135313 profit=188928 moving_time=720
S2 [14/30] running S2_inst_14.txt algo_union
S9 [10/30] ok S9_inst_10.txt algo_union seconds=0.147187 profit=2067997 moving_time=7380
S9 [11/30] running S9_inst_11.txt algo_union
S3 [12/30] ok S3_inst_12.txt algo_union seconds=0.255047 profit=643592 moving_time=2160
S3 [13/30] running S3_inst_13.txt algo_union
S9 [11/30] ok S9_inst_11.txt algo_union seconds=0.144950 profit=1995581 moving_time=7650
S9 [12/30] running S9_inst_12.txt algo_union
S3 [13/30] ok S3_inst_13.txt algo_union seconds=0.230629 profit=662988 moving_time=2430
S3 [14/30] running S3_inst_14.txt algo_union
S9 [12/30] ok S9_inst_12.txt algo_union seconds=0.163625 profit=1742858 moving_time=7200
S9 [13/30] running S9_inst_13.txt algo_union
S3 [14/30] ok S3_inst_14.txt algo_union seconds=0.169266 profit=638669 moving_time=2430
S3 [15/30] running S3_inst_15.txt algo_union
S9 [13/30] ok S9_inst_13.txt algo_union seconds=0.182824 profit=2188851 moving_time=6390
S9 [14/30] running S9_inst_14.txt algo_union
S3 [15/30] ok S3_inst_15.txt algo_union seconds=0.277169 profit=516389 moving_time=2610
S3 [16/30] running S3_inst_16.txt algo_union
S9 [14/30] ok S9_inst_14.txt algo_union seconds=0.281237 profit=1948392 moving_time=7560
S9 [15/30] running S9_inst_15.txt algo_union
S3 [16/30] ok S3_inst_16.txt algo_union seconds=0.190878 profit=507186 moving_time=2790
S3 [17/30] running S3_inst_17.txt algo_union
S3 [17/30] ok S3_inst_17.txt algo_union seconds=0.150067 profit=739798 moving_time=2430
S3 [18/30] running S3_inst_18.txt algo_union
S9 [15/30] ok S9_inst_15.txt algo_union seconds=0.294115 profit=2141283 moving_time=7290
S9 [16/30] running S9_inst_16.txt algo_union
S9 [16/30] ok S9_inst_16.txt algo_union seconds=0.182596 profit=2026436 moving_time=7470
S9 [17/30] running S9_inst_17.txt algo_union
S9 [17/30] ok S9_inst_17.txt algo_union seconds=0.198113 profit=1991738 moving_time=7560
S9 [18/30] running S9_inst_18.txt algo_union
S9 [18/30] ok S9_inst_18.txt algo_union seconds=0.203434 profit=1934166 moving_time=7470
S9 [19/30] running S9_inst_19.txt algo_union
S9 [19/30] ok S9_inst_19.txt algo_union seconds=0.170939 profit=1705523 moving_time=7200
S9 [20/30] running S9_inst_20.txt algo_union
S9 [20/30] ok S9_inst_20.txt algo_union seconds=0.263573 profit=1893330 moving_time=7200
S9 [21/30] running S9_inst_21.txt algo_union
S9 [21/30] ok S9_inst_21.txt algo_union seconds=0.230505 profit=1822571 moving_time=7290
S9 [22/30] running S9_inst_22.txt algo_union
S9 [22/30] ok S9_inst_22.txt algo_union seconds=0.259845 profit=2144649 moving_time=7110
S9 [23/30] running S9_inst_23.txt algo_union
Restricted license - for non-production use only - expires 2027-11-29
S2 [14/30] ok S2_inst_14.txt algo_union seconds=5.940946 profit=134568 moving_time=630
S2 [15/30] running S2_inst_15.txt algo_union
S2 [15/30] ok S2_inst_15.txt algo_union seconds=0.135088 profit=141465 moving_time=630
S2 [16/30] running S2_inst_16.txt algo_union
S2 [16/30] ok S2_inst_16.txt algo_union seconds=0.098447 profit=153031 moving_time=720
S2 [17/30] running S2_inst_17.txt algo_union
S2 [17/30] ok S2_inst_17.txt algo_union seconds=0.158972 profit=257620 moving_time=810
S2 [18/30] running S2_inst_18.txt algo_union
S2 [18/30] ok S2_inst_18.txt algo_union seconds=0.133337 profit=155072 moving_time=720
S2 [19/30] running S2_inst_19.txt algo_union
S2 [19/30] ok S2_inst_19.txt algo_union seconds=0.123203 profit=144614 moving_time=810
S2 [20/30] running S2_inst_20.txt algo_union
S2 [20/30] ok S2_inst_20.txt algo_union seconds=0.184429 profit=219870 moving_time=810
S2 [21/30] running S2_inst_21.txt algo_union
S2 [21/30] ok S2_inst_21.txt algo_union seconds=0.130641 profit=157509 moving_time=630
S2 [22/30] running S2_inst_22.txt algo_union
S2 [22/30] ok S2_inst_22.txt algo_union seconds=0.104107 profit=121568 moving_time=630
S2 [23/30] running S2_inst_23.txt algo_union
S2 [23/30] ok S2_inst_23.txt algo_union seconds=0.166519 profit=159561 moving_time=810
S2 [24/30] running S2_inst_24.txt algo_union
S12 [1/30] ok S12_inst_01.txt algo_union seconds=10.175399 profit=-3103563 moving_time=0
S12 [2/30] running S12_inst_02.txt algo_union
S8 [1/30] ok S8_inst_01.txt algo_union seconds=10.223070 profit=1392105 moving_time=5940
S8 [2/30] running S8_inst_02.txt algo_union
S4 [1/30] ok S4_inst_01.txt algo_union seconds=10.235180 profit=4245146 moving_time=19980
S4 [2/30] running S4_inst_02.txt algo_union
S11 [1/30] ok S11_inst_01.txt algo_union seconds=10.318145 profit=1868896 moving_time=7290
S11 [2/30] running S11_inst_02.txt algo_union
S5 [2/30] ok S5_inst_02.txt algo_union seconds=10.091083 profit=1720307 moving_time=7200
S5 [3/30] running S5_inst_03.txt algo_union
S10 [1/30] ok S10_inst_01.txt algo_union seconds=10.391754 profit=1601581 moving_time=7110
S10 [2/30] running S10_inst_02.txt algo_union
S13 [1/30] ok S13_inst_01.txt algo_union seconds=10.393629 profit=-671833 moving_time=1890
S13 [2/30] running S13_inst_02.txt algo_union
S8 [2/30] ok S8_inst_02.txt algo_union seconds=0.179361 profit=1874352 moving_time=6930
S8 [3/30] running S8_inst_03.txt algo_union
S7 [2/30] ok S7_inst_02.txt algo_union seconds=10.196005 profit=1626945 moving_time=4770
S7 [3/30] running S7_inst_03.txt algo_union
S11 [2/30] ok S11_inst_02.txt algo_union seconds=0.174401 profit=1744443 moving_time=7740
S11 [3/30] running S11_inst_03.txt algo_union
S14 [2/30] ok S14_inst_02.txt algo_union seconds=10.237283 profit=2057922 moving_time=6570
S14 [3/30] running S14_inst_03.txt algo_union
S5 [3/30] ok S5_inst_03.txt algo_union seconds=0.230678 profit=1618603 moving_time=7290
S5 [4/30] running S5_inst_04.txt algo_union
S8 [3/30] ok S8_inst_03.txt algo_union seconds=0.196555 profit=1979061 moving_time=7470
S8 [4/30] running S8_inst_04.txt algo_union
S7 [3/30] ok S7_inst_03.txt algo_union seconds=0.176792 profit=1990041 moving_time=7290
S7 [4/30] running S7_inst_04.txt algo_union
S11 [3/30] ok S11_inst_03.txt algo_union seconds=0.167270 profit=1776266 moving_time=7650
S11 [4/30] running S11_inst_04.txt algo_union
S8 [4/30] ok S8_inst_04.txt algo_union seconds=0.147703 profit=1655807 moving_time=7560
S8 [5/30] running S8_inst_05.txt algo_union
S1 [4/30] ok S1_inst_04.txt algo_union seconds=10.186657 profit=2325960 moving_time=7200
S1 [5/30] running S1_inst_05.txt algo_union
S14 [3/30] ok S14_inst_03.txt algo_union seconds=0.251619 profit=1892682 moving_time=7020
S14 [4/30] running S14_inst_04.txt algo_union
S11 [4/30] ok S11_inst_04.txt algo_union seconds=0.137270 profit=1804050 moving_time=7560
S11 [5/30] running S11_inst_05.txt algo_union
S7 [4/30] ok S7_inst_04.txt algo_union seconds=0.209892 profit=1817887 moving_time=7290
S7 [5/30] running S7_inst_05.txt algo_union
S14 [4/30] ok S14_inst_04.txt algo_union seconds=0.181639 profit=2013898 moving_time=7110
S14 [5/30] running S14_inst_05.txt algo_union
S11 [5/30] ok S11_inst_05.txt algo_union seconds=0.159633 profit=1854543 moving_time=7830
S11 [6/30] running S11_inst_06.txt algo_union
S1 [5/30] ok S1_inst_05.txt algo_union seconds=0.211290 profit=1994277 moving_time=6750
S1 [6/30] running S1_inst_06.txt algo_union
S7 [5/30] ok S7_inst_05.txt algo_union seconds=0.165783 profit=1921815 moving_time=7290
S7 [6/30] running S7_inst_06.txt algo_union
S8 [5/30] ok S8_inst_05.txt algo_union seconds=0.310636 profit=1880022 moving_time=7470
S8 [6/30] running S8_inst_06.txt algo_union
S11 [6/30] ok S11_inst_06.txt algo_union seconds=0.155772 profit=1860134 moving_time=7470
S11 [7/30] running S11_inst_07.txt algo_union
S7 [6/30] ok S7_inst_06.txt algo_union seconds=0.168724 profit=2080882 moving_time=7290
S7 [7/30] running S7_inst_07.txt algo_union
S1 [6/30] ok S1_inst_06.txt algo_union seconds=0.182446 profit=2177625 moving_time=7830
S1 [7/30] running S1_inst_07.txt algo_union
S6 [6/30] ok S6_inst_06.txt algo_union seconds=10.334294 profit=1825883 moving_time=8910
S6 [7/30] running S6_inst_07.txt algo_union
S14 [5/30] ok S14_inst_05.txt algo_union seconds=0.249751 profit=1710899 moving_time=7740
S14 [6/30] running S14_inst_06.txt algo_union
S1 [7/30] ok S1_inst_07.txt algo_union seconds=0.151314 profit=1677512 moving_time=7380
S1 [8/30] running S1_inst_08.txt algo_union
S11 [7/30] ok S11_inst_07.txt algo_union seconds=0.194527 profit=1887038 moving_time=7650
S11 [8/30] running S11_inst_08.txt algo_union
S8 [6/30] ok S8_inst_06.txt algo_union seconds=0.361838 profit=1762008 moving_time=7200
S8 [7/30] running S8_inst_07.txt algo_union
S14 [6/30] ok S14_inst_06.txt algo_union seconds=0.223009 profit=1924969 moving_time=6840
S14 [7/30] running S14_inst_07.txt algo_union
S11 [8/30] ok S11_inst_08.txt algo_union seconds=0.129166 profit=1643099 moving_time=8010
S11 [9/30] running S11_inst_09.txt algo_union
S1 [8/30] ok S1_inst_08.txt algo_union seconds=0.139392 profit=1870181 moving_time=7200
S1 [9/30] running S1_inst_09.txt algo_union
S6 [7/30] ok S6_inst_07.txt algo_union seconds=0.290211 profit=2255615 moving_time=9000
S6 [8/30] running S6_inst_08.txt algo_union
S11 [9/30] ok S11_inst_09.txt algo_union seconds=0.124364 profit=2176999 moving_time=7290
S11 [10/30] running S11_inst_10.txt algo_union
S8 [7/30] ok S8_inst_07.txt algo_union seconds=0.209351 profit=2034182 moving_time=6930
S8 [8/30] running S8_inst_08.txt algo_union
S6 [8/30] ok S6_inst_08.txt algo_union seconds=0.194434 profit=1986421 moving_time=9000
S6 [9/30] running S6_inst_09.txt algo_union
S11 [10/30] ok S11_inst_10.txt algo_union seconds=0.146512 profit=2085651 moving_time=8100
S11 [11/30] running S11_inst_11.txt algo_union
S11 [11/30] ok S11_inst_11.txt algo_union seconds=0.161748 profit=1818861 moving_time=7560
S11 [12/30] running S11_inst_12.txt algo_union
S8 [8/30] ok S8_inst_08.txt algo_union seconds=0.284283 profit=1906624 moving_time=7020
S8 [9/30] running S8_inst_09.txt algo_union
S6 [9/30] ok S6_inst_09.txt algo_union seconds=0.259314 profit=1988929 moving_time=9000
S6 [10/30] running S6_inst_10.txt algo_union
S8 [9/30] ok S8_inst_09.txt algo_union seconds=0.213898 profit=2177527 moving_time=7470
S8 [10/30] running S8_inst_10.txt algo_union
S6 [10/30] ok S6_inst_10.txt algo_union seconds=0.234935 profit=1979751 moving_time=9000
S6 [11/30] running S6_inst_11.txt algo_union
S6 [11/30] ok S6_inst_11.txt algo_union seconds=0.135820 profit=1831849 moving_time=9000
S6 [12/30] running S6_inst_12.txt algo_union
S8 [10/30] ok S8_inst_10.txt algo_union seconds=0.300937 profit=2090613 moving_time=7020
S8 [11/30] running S8_inst_11.txt algo_union
S6 [12/30] ok S6_inst_12.txt algo_union seconds=0.249780 profit=2077695 moving_time=9000
S6 [13/30] running S6_inst_13.txt algo_union
S8 [11/30] ok S8_inst_11.txt algo_union seconds=0.251641 profit=2203484 moving_time=7290
S8 [12/30] running S8_inst_12.txt algo_union
S6 [13/30] ok S6_inst_13.txt algo_union seconds=0.146266 profit=2049033 moving_time=9000
S6 [14/30] running S6_inst_14.txt algo_union
S6 [14/30] ok S6_inst_14.txt algo_union seconds=0.154945 profit=2292322 moving_time=9000
S6 [15/30] running S6_inst_15.txt algo_union
S8 [12/30] ok S8_inst_12.txt algo_union seconds=0.199829 profit=1920552 moving_time=7380
S8 [13/30] running S8_inst_13.txt algo_union
S6 [15/30] ok S6_inst_15.txt algo_union seconds=0.258073 profit=2077026 moving_time=9000
S6 [16/30] running S6_inst_16.txt algo_union
S6 [16/30] ok S6_inst_16.txt algo_union seconds=0.224632 profit=1961208 moving_time=9000
S6 [17/30] running S6_inst_17.txt algo_union
S3 [18/30] ok S3_inst_18.txt algo_union seconds=10.283509 profit=586264 moving_time=2430
S3 [19/30] running S3_inst_19.txt algo_union
Restricted license - for non-production use only - expires 2027-11-29
S3 [19/30] ok S3_inst_19.txt algo_union seconds=0.155380 profit=651592 moving_time=2520
S3 [20/30] running S3_inst_20.txt algo_union
Restricted license - for non-production use only - expires 2027-11-29
S9 [23/30] ok S9_inst_23.txt algo_union seconds=10.357442 profit=2318451 moving_time=6660
S9 [24/30] running S9_inst_24.txt algo_union
S9 [24/30] ok S9_inst_24.txt algo_union seconds=0.184883 profit=1714319 moving_time=7560
S9 [25/30] running S9_inst_25.txt algo_union
S9 [25/30] ok S9_inst_25.txt algo_union seconds=0.209951 profit=1701011 moving_time=7380
S9 [26/30] running S9_inst_26.txt algo_union
S9 [26/30] ok S9_inst_26.txt algo_union seconds=0.145536 profit=1786515 moving_time=7470
S9 [27/30] running S9_inst_27.txt algo_union
S9 [27/30] ok S9_inst_27.txt algo_union seconds=0.262588 profit=1731331 moving_time=7740
S9 [28/30] running S9_inst_28.txt algo_union
S9 [28/30] ok S9_inst_28.txt algo_union seconds=0.146565 profit=1637015 moving_time=7200
S9 [29/30] running S9_inst_29.txt algo_union
S9 [29/30] ok S9_inst_29.txt algo_union seconds=0.174178 profit=1747982 moving_time=7200
S9 [30/30] running S9_inst_30.txt algo_union
S2 [24/30] ok S2_inst_24.txt algo_union seconds=7.144277 profit=177497 moving_time=630
S2 [25/30] running S2_inst_25.txt algo_union
S2 [25/30] ok S2_inst_25.txt algo_union seconds=0.180036 profit=195889 moving_time=900
S2 [26/30] running S2_inst_26.txt algo_union
S2 [26/30] ok S2_inst_26.txt algo_union seconds=0.149290 profit=136033 moving_time=720
S2 [27/30] running S2_inst_27.txt algo_union
S2 [27/30] ok S2_inst_27.txt algo_union seconds=0.092514 profit=167778 moving_time=630
S2 [28/30] running S2_inst_28.txt algo_union
S2 [28/30] ok S2_inst_28.txt algo_union seconds=0.145255 profit=169536 moving_time=810
S2 [29/30] running S2_inst_29.txt algo_union
S2 [29/30] ok S2_inst_29.txt algo_union seconds=0.127829 profit=148091 moving_time=630
S2 [30/30] running S2_inst_30.txt algo_union
S2 [30/30] ok S2_inst_30.txt algo_union seconds=0.202918 profit=130220 moving_time=360
scenario done: S2
S12 [2/30] ok S12_inst_02.txt algo_union seconds=10.294253 profit=-2873641 moving_time=0
S12 [3/30] running S12_inst_03.txt algo_union
S4 [2/30] ok S4_inst_02.txt algo_union seconds=10.304218 profit=4463651 moving_time=18270
S4 [3/30] running S4_inst_03.txt algo_union
S5 [4/30] ok S5_inst_04.txt algo_union seconds=10.121496 profit=1670351 moving_time=6930
S5 [5/30] running S5_inst_05.txt algo_union
S4 [3/30] ok S4_inst_03.txt algo_union seconds=0.161726 profit=4871285 moving_time=18810
S4 [4/30] running S4_inst_04.txt algo_union
S10 [2/30] ok S10_inst_02.txt algo_union seconds=10.337745 profit=1878851 moving_time=7020
S10 [3/30] running S10_inst_03.txt algo_union
S13 [2/30] ok S13_inst_02.txt algo_union seconds=10.497486 profit=555142 moving_time=2970
S13 [3/30] running S13_inst_03.txt algo_union
S5 [5/30] ok S5_inst_05.txt algo_union seconds=0.201148 profit=1410427 moving_time=7740
S5 [6/30] running S5_inst_06.txt algo_union
S1 [9/30] ok S1_inst_09.txt algo_union seconds=10.204818 profit=1888696 moving_time=7470
S1 [10/30] running S1_inst_10.txt algo_union
S7 [7/30] ok S7_inst_07.txt algo_union seconds=10.161931 profit=1912914 moving_time=7380
S7 [8/30] running S7_inst_08.txt algo_union
S14 [7/30] ok S14_inst_07.txt algo_union seconds=10.180983 profit=1557232 moving_time=7020
S14 [8/30] running S14_inst_08.txt algo_union
S11 [12/30] ok S11_inst_12.txt algo_union seconds=10.260283 profit=1805945 moving_time=7470
S11 [13/30] running S11_inst_13.txt algo_union
S11 [13/30] ok S11_inst_13.txt algo_union seconds=0.141043 profit=1989632 moving_time=7740
S11 [14/30] running S11_inst_14.txt algo_union
S11 [14/30] ok S11_inst_14.txt algo_union seconds=0.099864 profit=2024487 moving_time=7110
S11 [15/30] running S11_inst_15.txt algo_union
S11 [15/30] ok S11_inst_15.txt algo_union seconds=0.146241 profit=1882982 moving_time=7740
S11 [16/30] running S11_inst_16.txt algo_union
S11 [16/30] ok S11_inst_16.txt algo_union seconds=0.155851 profit=2013747 moving_time=7560
S11 [17/30] running S11_inst_17.txt algo_union
S11 [17/30] ok S11_inst_17.txt algo_union seconds=0.102083 profit=1783499 moving_time=7110
S11 [18/30] running S11_inst_18.txt algo_union
S11 [18/30] ok S11_inst_18.txt algo_union seconds=0.144136 profit=1674394 moving_time=7110
S11 [19/30] running S11_inst_19.txt algo_union
S11 [19/30] ok S11_inst_19.txt algo_union seconds=0.122957 profit=2135961 moving_time=7830
S11 [20/30] running S11_inst_20.txt algo_union
S8 [13/30] ok S8_inst_13.txt algo_union seconds=10.244327 profit=1669110 moving_time=6300
S8 [14/30] running S8_inst_14.txt algo_union
S11 [20/30] ok S11_inst_20.txt algo_union seconds=0.125935 profit=1932373 moving_time=7830
S11 [21/30] running S11_inst_21.txt algo_union
S11 [21/30] ok S11_inst_21.txt algo_union seconds=0.133769 profit=1959764 moving_time=7740
S11 [22/30] running S11_inst_22.txt algo_union
S8 [14/30] ok S8_inst_14.txt algo_union seconds=0.286496 profit=1754603 moving_time=8100
S8 [15/30] running S8_inst_15.txt algo_union
S11 [22/30] ok S11_inst_22.txt algo_union seconds=0.202005 profit=1818604 moving_time=7110
S11 [23/30] running S11_inst_23.txt algo_union
S8 [15/30] ok S8_inst_15.txt algo_union seconds=0.148549 profit=1794980 moving_time=8370
S8 [16/30] running S8_inst_16.txt algo_union
S8 [16/30] ok S8_inst_16.txt algo_union seconds=0.326114 profit=1657752 moving_time=7380
S8 [17/30] running S8_inst_17.txt algo_union
S6 [17/30] ok S6_inst_17.txt algo_union seconds=10.271571 profit=1602774 moving_time=7200
S6 [18/30] running S6_inst_18.txt algo_union
S3 [20/30] ok S3_inst_20.txt algo_union seconds=9.090193 profit=552062 moving_time=2520
S3 [21/30] running S3_inst_21.txt algo_union
S8 [17/30] ok S8_inst_17.txt algo_union seconds=0.195197 profit=2020963 moving_time=8010
S8 [18/30] running S8_inst_18.txt algo_union
S3 [21/30] ok S3_inst_21.txt algo_union seconds=0.128102 profit=673678 moving_time=2340
S3 [22/30] running S3_inst_22.txt algo_union
S8 [18/30] ok S8_inst_18.txt algo_union seconds=0.255124 profit=1677752 moving_time=7290
S8 [19/30] running S8_inst_19.txt algo_union
S3 [22/30] ok S3_inst_22.txt algo_union seconds=0.193749 profit=650576 moving_time=2250
S3 [23/30] running S3_inst_23.txt algo_union
S9 [30/30] ok S9_inst_30.txt algo_union seconds=10.088283 profit=1528657 moving_time=7560
scenario done: S9
S12 [3/30] ok S12_inst_03.txt algo_union seconds=10.292856 profit=-3019615 moving_time=0
S12 [4/30] running S12_inst_04.txt algo_union
S4 [4/30] ok S4_inst_04.txt algo_union seconds=10.135320 profit=4100045 moving_time=18720
S4 [5/30] running S4_inst_05.txt algo_union
S5 [6/30] ok S5_inst_06.txt algo_union seconds=10.110023 profit=1568036 moving_time=7560
S5 [7/30] running S5_inst_07.txt algo_union
S10 [3/30] ok S10_inst_03.txt algo_union seconds=10.363567 profit=1978112 moving_time=8010
S10 [4/30] running S10_inst_04.txt algo_union
S13 [3/30] ok S13_inst_03.txt algo_union seconds=10.280116 profit=-121916 moving_time=1980
S13 [4/30] running S13_inst_04.txt algo_union
S5 [7/30] ok S5_inst_07.txt algo_union seconds=0.178861 profit=1891533 moving_time=7020
S5 [8/30] running S5_inst_08.txt algo_union
S1 [10/30] ok S1_inst_10.txt algo_union seconds=10.091750 profit=2100577 moving_time=7380
S1 [11/30] running S1_inst_11.txt algo_union
S7 [8/30] ok S7_inst_08.txt algo_union seconds=10.121537 profit=1425252 moving_time=7020
S7 [9/30] running S7_inst_09.txt algo_union
S7 [9/30] ok S7_inst_09.txt algo_union seconds=0.114481 profit=1970509 moving_time=7740
S7 [10/30] running S7_inst_10.txt algo_union
S1 [11/30] ok S1_inst_11.txt algo_union seconds=0.156734 profit=2404882 moving_time=7470
S1 [12/30] running S1_inst_12.txt algo_union
S14 [8/30] ok S14_inst_08.txt algo_union seconds=10.182089 profit=1828862 moving_time=5670
S14 [9/30] running S14_inst_09.txt algo_union
S7 [10/30] ok S7_inst_10.txt algo_union seconds=0.110263 profit=1919876 moving_time=7740
S7 [11/30] running S7_inst_11.txt algo_union
S1 [12/30] ok S1_inst_12.txt algo_union seconds=0.118096 profit=1646450 moving_time=7110
S1 [13/30] running S1_inst_13.txt algo_union
S7 [11/30] ok S7_inst_11.txt algo_union seconds=0.124287 profit=2244341 moving_time=6840
S7 [12/30] running S7_inst_12.txt algo_union
S1 [13/30] ok S1_inst_13.txt algo_union seconds=0.153141 profit=1916262 moving_time=6930
S1 [14/30] running S1_inst_14.txt algo_union
S7 [12/30] ok S7_inst_12.txt algo_union seconds=0.135500 profit=1706308 moving_time=7740
S7 [13/30] running S7_inst_13.txt algo_union
S7 [13/30] ok S7_inst_13.txt algo_union seconds=0.154237 profit=2025658 moving_time=7740
S7 [14/30] running S7_inst_14.txt algo_union
S7 [14/30] ok S7_inst_14.txt algo_union seconds=0.185528 profit=2026272 moving_time=7740
S7 [15/30] running S7_inst_15.txt algo_union
S11 [23/30] ok S11_inst_23.txt algo_union seconds=10.311930 profit=1932888 moving_time=7200
S11 [24/30] running S11_inst_24.txt algo_union
S11 [24/30] ok S11_inst_24.txt algo_union seconds=0.123666 profit=1758533 moving_time=7740
S11 [25/30] running S11_inst_25.txt algo_union
S11 [25/30] ok S11_inst_25.txt algo_union seconds=0.206317 profit=1927827 moving_time=7470
S11 [26/30] running S11_inst_26.txt algo_union
S6 [18/30] ok S6_inst_18.txt algo_union seconds=10.326398 profit=1395491 moving_time=8910
S6 [19/30] running S6_inst_19.txt algo_union
S11 [26/30] ok S11_inst_26.txt algo_union seconds=0.163695 profit=2008750 moving_time=7380
S11 [27/30] running S11_inst_27.txt algo_union
S8 [19/30] ok S8_inst_19.txt algo_union seconds=10.170826 profit=158621 moving_time=2970
S8 [20/30] running S8_inst_20.txt algo_union
S3 [23/30] ok S3_inst_23.txt algo_union seconds=10.139334 profit=355699 moving_time=2610
S3 [24/30] running S3_inst_24.txt algo_union
S11 [27/30] ok S11_inst_27.txt algo_union seconds=0.125615 profit=1704023 moving_time=7380
S11 [28/30] running S11_inst_28.txt algo_union
S6 [19/30] ok S6_inst_19.txt algo_union seconds=0.209584 profit=2102591 moving_time=9000
S6 [20/30] running S6_inst_20.txt algo_union
S3 [24/30] ok S3_inst_24.txt algo_union seconds=0.149754 profit=529561 moving_time=2700
S3 [25/30] running S3_inst_25.txt algo_union
S11 [28/30] ok S11_inst_28.txt algo_union seconds=0.267321 profit=1894397 moving_time=7380
S11 [29/30] running S11_inst_29.txt algo_union
S6 [20/30] ok S6_inst_20.txt algo_union seconds=0.216466 profit=1887572 moving_time=9000
S6 [21/30] running S6_inst_21.txt algo_union
S3 [25/30] ok S3_inst_25.txt algo_union seconds=0.182364 profit=610994 moving_time=2340
S3 [26/30] running S3_inst_26.txt algo_union
S11 [29/30] ok S11_inst_29.txt algo_union seconds=0.137581 profit=1795822 moving_time=7560
S11 [30/30] running S11_inst_30.txt algo_union
S3 [26/30] ok S3_inst_26.txt algo_union seconds=0.134024 profit=567814 moving_time=2250
S3 [27/30] running S3_inst_27.txt algo_union
S6 [21/30] ok S6_inst_21.txt algo_union seconds=0.250838 profit=1739946 moving_time=9000
S6 [22/30] running S6_inst_22.txt algo_union
S11 [30/30] ok S11_inst_30.txt algo_union seconds=0.203269 profit=2201391 moving_time=7380
scenario done: S11
S6 [22/30] ok S6_inst_22.txt algo_union seconds=0.152983 profit=2147675 moving_time=9000
S6 [23/30] running S6_inst_23.txt algo_union
S12 [4/30] ok S12_inst_04.txt algo_union seconds=10.293153 profit=-3299890 moving_time=0
S12 [5/30] running S12_inst_05.txt algo_union
S4 [5/30] ok S4_inst_05.txt algo_union seconds=10.287944 profit=5329533 moving_time=18180
S4 [6/30] running S4_inst_06.txt algo_union
S13 [4/30] ok S13_inst_04.txt algo_union seconds=10.147701 profit=-1905822 moving_time=900
S13 [5/30] running S13_inst_05.txt algo_union
S5 [8/30] ok S5_inst_08.txt algo_union seconds=10.222238 profit=1391724 moving_time=7380
S5 [9/30] running S5_inst_09.txt algo_union
S4 [6/30] ok S4_inst_06.txt algo_union seconds=0.290620 profit=4484783 moving_time=18990
S4 [7/30] running S4_inst_07.txt algo_union
S10 [4/30] ok S10_inst_04.txt algo_union seconds=10.400709 profit=1742114 moving_time=7830
S10 [5/30] running S10_inst_05.txt algo_union
S5 [9/30] ok S5_inst_09.txt algo_union seconds=0.148881 profit=1664271 moving_time=7560
S5 [10/30] running S5_inst_10.txt algo_union
S5 [10/30] ok S5_inst_10.txt algo_union seconds=0.166213 profit=1727472 moving_time=7650
S5 [11/30] running S5_inst_11.txt algo_union
S5 [11/30] ok S5_inst_11.txt algo_union seconds=0.228159 profit=1621266 moving_time=7830
S5 [12/30] running S5_inst_12.txt algo_union
S14 [9/30] ok S14_inst_09.txt algo_union seconds=10.221769 profit=1598947 moving_time=6300
S14 [10/30] running S14_inst_10.txt algo_union
S1 [14/30] ok S1_inst_14.txt algo_union seconds=10.116157 profit=1800714 moving_time=6930
S1 [15/30] running S1_inst_15.txt algo_union
S14 [10/30] ok S14_inst_10.txt algo_union seconds=0.198927 profit=1982503 moving_time=7020
S14 [11/30] running S14_inst_11.txt algo_union
S1 [15/30] ok S1_inst_15.txt algo_union seconds=0.219399 profit=1665629 moving_time=7020
S1 [16/30] running S1_inst_16.txt algo_union
S14 [11/30] ok S14_inst_11.txt algo_union seconds=0.195712 profit=1817814 moving_time=7560
S14 [12/30] running S14_inst_12.txt algo_union
S14 [12/30] ok S14_inst_12.txt algo_union seconds=0.297212 profit=1785791 moving_time=7560
S14 [13/30] running S14_inst_13.txt algo_union
S14 [13/30] ok S14_inst_13.txt algo_union seconds=0.214960 profit=1928165 moving_time=7560
S14 [14/30] running S14_inst_14.txt algo_union
S7 [15/30] ok S7_inst_15.txt algo_union seconds=10.194568 profit=1531200 moving_time=6570
S7 [16/30] running S7_inst_16.txt algo_union
S3 [27/30] ok S3_inst_27.txt algo_union seconds=8.793658 profit=545381 moving_time=2250
S3 [28/30] running S3_inst_28.txt algo_union
S3 [28/30] ok S3_inst_28.txt algo_union seconds=0.115692 profit=558684 moving_time=2700
S3 [29/30] running S3_inst_29.txt algo_union
S3 [29/30] ok S3_inst_29.txt algo_union seconds=0.196844 profit=435945 moving_time=2610
S3 [30/30] running S3_inst_30.txt algo_union
S8 [20/30] ok S8_inst_20.txt algo_union seconds=10.204737 profit=1103069 moving_time=4140
S8 [21/30] running S8_inst_21.txt algo_union
S8 [21/30] ok S8_inst_21.txt algo_union seconds=0.279741 profit=1962008 moving_time=8100
S8 [22/30] running S8_inst_22.txt algo_union
S6 [23/30] ok S6_inst_23.txt algo_union seconds=10.249150 profit=1034377 moving_time=5400
S6 [24/30] running S6_inst_24.txt algo_union
S12 [5/30] ok S12_inst_05.txt algo_union seconds=10.306298 profit=-3069096 moving_time=0
S12 [6/30] running S12_inst_06.txt algo_union
S4 [7/30] ok S4_inst_07.txt algo_union seconds=10.331094 profit=4161415 moving_time=17910
S4 [8/30] running S4_inst_08.txt algo_union
S13 [5/30] ok S13_inst_05.txt algo_union seconds=10.473962 profit=382081 moving_time=2610
S13 [6/30] running S13_inst_06.txt algo_union
S10 [5/30] ok S10_inst_05.txt algo_union seconds=10.417996 profit=1863588 moving_time=7830
S10 [6/30] running S10_inst_06.txt algo_union
S5 [12/30] ok S5_inst_12.txt algo_union seconds=10.243111 profit=1339161 moving_time=7920
S5 [13/30] running S5_inst_13.txt algo_union
S5 [13/30] ok S5_inst_13.txt algo_union seconds=0.267004 profit=1826438 moving_time=7830
S5 [14/30] running S5_inst_14.txt algo_union
S5 [14/30] ok S5_inst_14.txt algo_union seconds=0.171587 profit=1841775 moving_time=7560
S5 [15/30] running S5_inst_15.txt algo_union
S1 [16/30] ok S1_inst_16.txt algo_union seconds=10.198455 profit=1538670 moving_time=7470
S1 [17/30] running S1_inst_17.txt algo_union
S5 [15/30] ok S5_inst_15.txt algo_union seconds=0.259673 profit=1826281 moving_time=7650
S5 [16/30] running S5_inst_16.txt algo_union
S3 [30/30] ok S3_inst_30.txt algo_union seconds=8.681069 profit=595298 moving_time=2610
scenario done: S3
S5 [16/30] ok S5_inst_16.txt algo_union seconds=0.250697 profit=1939018 moving_time=6930
S5 [17/30] running S5_inst_17.txt algo_union
S5 [17/30] ok S5_inst_17.txt algo_union seconds=0.161330 profit=1897327 moving_time=8190
S5 [18/30] running S5_inst_18.txt algo_union
S14 [14/30] ok S14_inst_14.txt algo_union seconds=10.228918 profit=1785182 moving_time=7020
S14 [15/30] running S14_inst_15.txt algo_union
S14 [15/30] ok S14_inst_15.txt algo_union seconds=0.121573 profit=1555695 moving_time=6570
S14 [16/30] running S14_inst_16.txt algo_union
S14 [16/30] ok S14_inst_16.txt algo_union seconds=0.160581 profit=1584357 moving_time=7380
S14 [17/30] running S14_inst_17.txt algo_union
S7 [16/30] ok S7_inst_16.txt algo_union seconds=10.156746 profit=1654259 moving_time=7470
S7 [17/30] running S7_inst_17.txt algo_union
S7 [17/30] ok S7_inst_17.txt algo_union seconds=0.167609 profit=1916394 moving_time=7740
S7 [18/30] running S7_inst_18.txt algo_union
S7 [18/30] ok S7_inst_18.txt algo_union seconds=0.136926 profit=2087962 moving_time=7740
S7 [19/30] running S7_inst_19.txt algo_union
S7 [19/30] ok S7_inst_19.txt algo_union seconds=0.189038 profit=1627222 moving_time=8100
S7 [20/30] running S7_inst_20.txt algo_union
S7 [20/30] ok S7_inst_20.txt algo_union seconds=0.123267 profit=1807058 moving_time=7650
S7 [21/30] running S7_inst_21.txt algo_union
S8 [22/30] ok S8_inst_22.txt algo_union seconds=10.196048 profit=1477587 moving_time=4770
S8 [23/30] running S8_inst_23.txt algo_union
S8 [23/30] ok S8_inst_23.txt algo_union seconds=0.263023 profit=1988812 moving_time=7740
S8 [24/30] running S8_inst_24.txt algo_union
S8 [24/30] ok S8_inst_24.txt algo_union seconds=0.174126 profit=1738843 moving_time=7110
S8 [25/30] running S8_inst_25.txt algo_union
S6 [24/30] ok S6_inst_24.txt algo_union seconds=10.195304 profit=1950195 moving_time=8640
S6 [25/30] running S6_inst_25.txt algo_union
S6 [25/30] ok S6_inst_25.txt algo_union seconds=0.175520 profit=1750029 moving_time=9000
S6 [26/30] running S6_inst_26.txt algo_union
S8 [25/30] ok S8_inst_25.txt algo_union seconds=0.204804 profit=1887929 moving_time=7380
S8 [26/30] running S8_inst_26.txt algo_union
S12 [6/30] ok S12_inst_06.txt algo_union seconds=10.167558 profit=-3761072 moving_time=0
S12 [7/30] running S12_inst_07.txt algo_union
S4 [8/30] ok S4_inst_08.txt algo_union seconds=10.272298 profit=4612533 moving_time=20340
S4 [9/30] running S4_inst_09.txt algo_union
S10 [6/30] ok S10_inst_06.txt algo_union seconds=10.177495 profit=1709482 moving_time=8010
S10 [7/30] running S10_inst_07.txt algo_union
S13 [6/30] ok S13_inst_06.txt algo_union seconds=10.444872 profit=755894 moving_time=2700
S13 [7/30] running S13_inst_07.txt algo_union
S1 [17/30] ok S1_inst_17.txt algo_union seconds=10.126779 profit=2030859 moving_time=7380
S1 [18/30] running S1_inst_18.txt algo_union
S1 [18/30] ok S1_inst_18.txt algo_union seconds=0.116136 profit=1658624 moving_time=7740
S1 [19/30] running S1_inst_19.txt algo_union
S1 [19/30] ok S1_inst_19.txt algo_union seconds=0.227485 profit=2086238 moving_time=7470
S1 [20/30] running S1_inst_20.txt algo_union
S1 [20/30] ok S1_inst_20.txt algo_union seconds=0.182289 profit=2121967 moving_time=7650
S1 [21/30] running S1_inst_21.txt algo_union
S5 [18/30] ok S5_inst_18.txt algo_union seconds=10.225482 profit=1374621 moving_time=7200
S5 [19/30] running S5_inst_19.txt algo_union
S1 [21/30] ok S1_inst_21.txt algo_union seconds=0.117628 profit=1776933 moving_time=7380
S1 [22/30] running S1_inst_22.txt algo_union
S5 [19/30] ok S5_inst_19.txt algo_union seconds=0.208373 profit=1857744 moving_time=7650
S5 [20/30] running S5_inst_20.txt algo_union
S1 [22/30] ok S1_inst_22.txt algo_union seconds=0.204137 profit=1913457 moving_time=7920
S1 [23/30] running S1_inst_23.txt algo_union
S14 [17/30] ok S14_inst_17.txt algo_union seconds=10.123215 profit=110696 moving_time=2700
S14 [18/30] running S14_inst_18.txt algo_union
S1 [23/30] ok S1_inst_23.txt algo_union seconds=0.109552 profit=2295943 moving_time=6750
S1 [24/30] running S1_inst_24.txt algo_union
S5 [20/30] ok S5_inst_20.txt algo_union seconds=0.180976 profit=1789522 moving_time=7020
S5 [21/30] running S5_inst_21.txt algo_union
S1 [24/30] ok S1_inst_24.txt algo_union seconds=0.197898 profit=1768015 moving_time=7290
S1 [25/30] running S1_inst_25.txt algo_union
S14 [18/30] ok S14_inst_18.txt algo_union seconds=0.294222 profit=1795388 moving_time=7020
S14 [19/30] running S14_inst_19.txt algo_union
S5 [21/30] ok S5_inst_21.txt algo_union seconds=0.157098 profit=1526558 moving_time=7110
S5 [22/30] running S5_inst_22.txt algo_union
S1 [25/30] ok S1_inst_25.txt algo_union seconds=0.139865 profit=2078029 moving_time=7290
S1 [26/30] running S1_inst_26.txt algo_union
S14 [19/30] ok S14_inst_19.txt algo_union seconds=0.161910 profit=1913326 moving_time=7650
S14 [20/30] running S14_inst_20.txt algo_union
S5 [22/30] ok S5_inst_22.txt algo_union seconds=0.149896 profit=1734757 moving_time=6480
S5 [23/30] running S5_inst_23.txt algo_union
S1 [26/30] ok S1_inst_26.txt algo_union seconds=0.189289 profit=1865771 moving_time=7650
S1 [27/30] running S1_inst_27.txt algo_union
S5 [23/30] ok S5_inst_23.txt algo_union seconds=0.150605 profit=1751175 moving_time=7920
S5 [24/30] running S5_inst_24.txt algo_union
S14 [20/30] ok S14_inst_20.txt algo_union seconds=0.222371 profit=1931697 moving_time=7110
S14 [21/30] running S14_inst_21.txt algo_union
S5 [24/30] ok S5_inst_24.txt algo_union seconds=0.186376 profit=1478435 moving_time=7920
S5 [25/30] running S5_inst_25.txt algo_union
S14 [21/30] ok S14_inst_21.txt algo_union seconds=0.184620 profit=2104991 moving_time=7200
S14 [22/30] running S14_inst_22.txt algo_union
S5 [25/30] ok S5_inst_25.txt algo_union seconds=0.157634 profit=1596422 moving_time=6660
S5 [26/30] running S5_inst_26.txt algo_union
S14 [22/30] ok S14_inst_22.txt algo_union seconds=0.168049 profit=1918220 moving_time=7740
S14 [23/30] running S14_inst_23.txt algo_union
S7 [21/30] ok S7_inst_21.txt algo_union seconds=10.157778 profit=1058551 moving_time=4500
S7 [22/30] running S7_inst_22.txt algo_union
S5 [26/30] ok S5_inst_26.txt algo_union seconds=0.176773 profit=1886837 moving_time=7380
S5 [27/30] running S5_inst_27.txt algo_union
S14 [23/30] ok S14_inst_23.txt algo_union seconds=0.153562 profit=1919741 moving_time=8190
S14 [24/30] running S14_inst_24.txt algo_union
S7 [22/30] ok S7_inst_22.txt algo_union seconds=0.138038 profit=1808125 moving_time=7290
S7 [23/30] running S7_inst_23.txt algo_union
S14 [24/30] ok S14_inst_24.txt algo_union seconds=0.106312 profit=1983560 moving_time=7470
S14 [25/30] running S14_inst_25.txt algo_union
S5 [27/30] ok S5_inst_27.txt algo_union seconds=0.233139 profit=1978045 moving_time=7020
S5 [28/30] running S5_inst_28.txt algo_union
S7 [23/30] ok S7_inst_23.txt algo_union seconds=0.179746 profit=1805622 moving_time=7470
S7 [24/30] running S7_inst_24.txt algo_union
S5 [28/30] ok S5_inst_28.txt algo_union seconds=0.136286 profit=1547922 moving_time=7740
S5 [29/30] running S5_inst_29.txt algo_union
S5 [29/30] ok S5_inst_29.txt algo_union seconds=0.227950 profit=1968484 moving_time=7650
S5 [30/30] running S5_inst_30.txt algo_union
S5 [30/30] ok S5_inst_30.txt algo_union seconds=0.201725 profit=1881845 moving_time=7380
scenario done: S5
S6 [26/30] ok S6_inst_26.txt algo_union seconds=10.203893 profit=84540 moving_time=3600
S6 [27/30] running S6_inst_27.txt algo_union
S8 [26/30] ok S8_inst_26.txt algo_union seconds=10.219639 profit=1768293 moving_time=5670
S8 [27/30] running S8_inst_27.txt algo_union
S6 [27/30] ok S6_inst_27.txt algo_union seconds=0.238751 profit=1910975 moving_time=9000
S6 [28/30] running S6_inst_28.txt algo_union
S6 [28/30] ok S6_inst_28.txt algo_union seconds=0.205325 profit=1874015 moving_time=9000
S6 [29/30] running S6_inst_29.txt algo_union
S6 [29/30] ok S6_inst_29.txt algo_union seconds=0.255616 profit=1762615 moving_time=9000
S6 [30/30] running S6_inst_30.txt algo_union
S6 [30/30] ok S6_inst_30.txt algo_union seconds=0.257032 profit=2066692 moving_time=9000
scenario done: S6
S12 [7/30] ok S12_inst_07.txt algo_union seconds=10.237486 profit=-2478421 moving_time=0
S12 [8/30] running S12_inst_08.txt algo_union
S4 [9/30] ok S4_inst_09.txt algo_union seconds=10.206022 profit=2374023 moving_time=17730
S4 [10/30] running S4_inst_10.txt algo_union
S10 [7/30] ok S10_inst_07.txt algo_union seconds=10.332823 profit=1587150 moving_time=7470
S10 [8/30] running S10_inst_08.txt algo_union
S13 [7/30] ok S13_inst_07.txt algo_union seconds=10.194916 profit=-351181 moving_time=1260
S13 [8/30] running S13_inst_08.txt algo_union
S4 [10/30] ok S4_inst_10.txt algo_union seconds=0.249188 profit=4041091 moving_time=18450
S4 [11/30] running S4_inst_11.txt algo_union
S4 [11/30] ok S4_inst_11.txt algo_union seconds=0.196368 profit=5019639 moving_time=18720
S4 [12/30] running S4_inst_12.txt algo_union
S4 [12/30] ok S4_inst_12.txt algo_union seconds=0.169717 profit=4907159 moving_time=18450
S4 [13/30] running S4_inst_13.txt algo_union
S4 [13/30] ok S4_inst_13.txt algo_union seconds=0.167334 profit=4483632 moving_time=17730
S4 [14/30] running S4_inst_14.txt algo_union
S4 [14/30] ok S4_inst_14.txt algo_union seconds=0.217641 profit=4244900 moving_time=18720
S4 [15/30] running S4_inst_15.txt algo_union
S4 [15/30] ok S4_inst_15.txt algo_union seconds=0.256008 profit=4974382 moving_time=18180
S4 [16/30] running S4_inst_16.txt algo_union
S1 [27/30] ok S1_inst_27.txt algo_union seconds=10.120173 profit=1947130 moving_time=7380
S1 [28/30] running S1_inst_28.txt algo_union
S7 [24/30] ok S7_inst_24.txt algo_union seconds=10.165701 profit=1875037 moving_time=7650
S14 [25/30] ok S14_inst_25.txt algo_union seconds=10.269370 profit=1611756 moving_time=7110
S7 [25/30] running S7_inst_25.txt algo_union
S14 [26/30] running S14_inst_26.txt algo_union
S7 [25/30] ok S7_inst_25.txt algo_union seconds=0.126809 profit=1884111 moving_time=7740
S7 [26/30] running S7_inst_26.txt algo_union
S14 [26/30] ok S14_inst_26.txt algo_union seconds=0.230384 profit=1829681 moving_time=7470
S14 [27/30] running S14_inst_27.txt algo_union
S7 [26/30] ok S7_inst_26.txt algo_union seconds=0.187958 profit=1965091 moving_time=7200
S7 [27/30] running S7_inst_27.txt algo_union
S14 [27/30] ok S14_inst_27.txt algo_union seconds=0.194308 profit=1857634 moving_time=7740
S14 [28/30] running S14_inst_28.txt algo_union
S8 [27/30] ok S8_inst_27.txt algo_union seconds=10.206298 profit=1595399 moving_time=6390
S8 [28/30] running S8_inst_28.txt algo_union
S8 [28/30] ok S8_inst_28.txt algo_union seconds=0.146436 profit=1667037 moving_time=7650
S8 [29/30] running S8_inst_29.txt algo_union
S12 [8/30] ok S12_inst_08.txt algo_union seconds=10.291788 profit=-2615312 moving_time=0
S12 [9/30] running S12_inst_09.txt algo_union
S10 [8/30] ok S10_inst_08.txt algo_union seconds=10.164422 profit=1327017 moving_time=7380
S10 [9/30] running S10_inst_09.txt algo_union
S13 [8/30] ok S13_inst_08.txt algo_union seconds=10.257838 profit=-943410 moving_time=1350
S13 [9/30] running S13_inst_09.txt algo_union
S4 [16/30] ok S4_inst_16.txt algo_union seconds=10.257057 profit=4766659 moving_time=17820
S4 [17/30] running S4_inst_17.txt algo_union
S1 [28/30] ok S1_inst_28.txt algo_union seconds=10.186684 profit=2080865 moving_time=7200
S1 [29/30] running S1_inst_29.txt algo_union
S1 [29/30] ok S1_inst_29.txt algo_union seconds=0.255561 profit=2135355 moving_time=7020
S1 [30/30] running S1_inst_30.txt algo_union
S7 [27/30] ok S7_inst_27.txt algo_union seconds=10.175954 profit=1457709 moving_time=5670
S7 [28/30] running S7_inst_28.txt algo_union
S14 [28/30] ok S14_inst_28.txt algo_union seconds=10.158461 profit=-61770 moving_time=2340
S14 [29/30] running S14_inst_29.txt algo_union
S14 [29/30] ok S14_inst_29.txt algo_union seconds=0.226339 profit=1991151 moving_time=7110
S14 [30/30] running S14_inst_30.txt algo_union
S8 [29/30] ok S8_inst_29.txt algo_union seconds=10.161058 profit=1885883 moving_time=7830
S8 [30/30] running S8_inst_30.txt algo_union
S14 [30/30] ok S14_inst_30.txt algo_union seconds=0.148146 profit=1857746 moving_time=6930
scenario done: S14
S8 [30/30] ok S8_inst_30.txt algo_union seconds=0.219005 profit=2135666 moving_time=7560
scenario done: S8
S12 [9/30] ok S12_inst_09.txt algo_union seconds=10.373196 profit=-2498244 moving_time=0
S12 [10/30] running S12_inst_10.txt algo_union
S10 [9/30] ok S10_inst_09.txt algo_union seconds=10.276866 profit=1679322 moving_time=7740
S10 [10/30] running S10_inst_10.txt algo_union
S13 [9/30] ok S13_inst_09.txt algo_union seconds=10.181441 profit=-1108110 moving_time=990
S13 [10/30] running S13_inst_10.txt algo_union
S4 [17/30] ok S4_inst_17.txt algo_union seconds=10.219810 profit=4057486 moving_time=18000
S4 [18/30] running S4_inst_18.txt algo_union
S1 [30/30] ok S1_inst_30.txt algo_union seconds=10.086153 profit=2293822 moving_time=7920
scenario done: S1
S7 [28/30] ok S7_inst_28.txt algo_union seconds=10.133979 profit=1393005 moving_time=7470
S7 [29/30] running S7_inst_29.txt algo_union
S7 [29/30] ok S7_inst_29.txt algo_union seconds=0.167720 profit=2037348 moving_time=7560
S7 [30/30] running S7_inst_30.txt algo_union
S7 [30/30] ok S7_inst_30.txt algo_union seconds=0.158464 profit=1812962 moving_time=7740
scenario done: S7
S12 [10/30] ok S12_inst_10.txt algo_union seconds=10.275772 profit=-3545469 moving_time=0
S12 [11/30] running S12_inst_11.txt algo_union
S10 [10/30] ok S10_inst_10.txt algo_union seconds=10.276609 profit=1906193 moving_time=8010
S10 [11/30] running S10_inst_11.txt algo_union
S13 [10/30] ok S13_inst_10.txt algo_union seconds=10.331629 profit=-71593 moving_time=2430
S13 [11/30] running S13_inst_11.txt algo_union
S4 [18/30] ok S4_inst_18.txt algo_union seconds=10.192935 profit=4271529 moving_time=17010
S4 [19/30] running S4_inst_19.txt algo_union
S4 [19/30] ok S4_inst_19.txt algo_union seconds=0.214886 profit=4455137 moving_time=18180
S4 [20/30] running S4_inst_20.txt algo_union
S4 [20/30] ok S4_inst_20.txt algo_union seconds=0.253438 profit=5089646 moving_time=18360
S4 [21/30] running S4_inst_21.txt algo_union
S4 [21/30] ok S4_inst_21.txt algo_union seconds=0.274272 profit=4765457 moving_time=17280
S4 [22/30] running S4_inst_22.txt algo_union
S4 [22/30] ok S4_inst_22.txt algo_union seconds=0.164788 profit=5348070 moving_time=17730
S4 [23/30] running S4_inst_23.txt algo_union
S4 [23/30] ok S4_inst_23.txt algo_union seconds=0.264014 profit=4541113 moving_time=19080
S4 [24/30] running S4_inst_24.txt algo_union
S12 [11/30] ok S12_inst_11.txt algo_union seconds=10.173190 profit=-2980456 moving_time=0
S12 [12/30] running S12_inst_12.txt algo_union
S10 [11/30] ok S10_inst_11.txt algo_union seconds=10.185320 profit=1572320 moving_time=8010
S10 [12/30] running S10_inst_12.txt algo_union
S13 [11/30] ok S13_inst_11.txt algo_union seconds=10.376018 profit=36618 moving_time=2610
S13 [12/30] running S13_inst_12.txt algo_union
S4 [24/30] ok S4_inst_24.txt algo_union seconds=10.219831 profit=4386677 moving_time=18990
S4 [25/30] running S4_inst_25.txt algo_union
S4 [25/30] ok S4_inst_25.txt algo_union seconds=0.184696 profit=4354430 moving_time=18990
S4 [26/30] running S4_inst_26.txt algo_union
S12 [12/30] ok S12_inst_12.txt algo_union seconds=10.185306 profit=-2413750 moving_time=0
S12 [13/30] running S12_inst_13.txt algo_union
S10 [12/30] ok S10_inst_12.txt algo_union seconds=10.532140 profit=1916628 moving_time=7650
S10 [13/30] running S10_inst_13.txt algo_union
S13 [12/30] ok S13_inst_12.txt algo_union seconds=10.310096 profit=-1679142 moving_time=720
S13 [13/30] running S13_inst_13.txt algo_union
S4 [26/30] ok S4_inst_26.txt algo_union seconds=10.274380 profit=3904175 moving_time=17280
S4 [27/30] running S4_inst_27.txt algo_union
S4 [27/30] ok S4_inst_27.txt algo_union seconds=0.300263 profit=4248133 moving_time=18180
S4 [28/30] running S4_inst_28.txt algo_union
S4 [28/30] ok S4_inst_28.txt algo_union seconds=0.250620 profit=4866084 moving_time=18450
S4 [29/30] running S4_inst_29.txt algo_union
S12 [13/30] ok S12_inst_13.txt algo_union seconds=10.231453 profit=-2537116 moving_time=0
S12 [14/30] running S12_inst_14.txt algo_union
S10 [13/30] ok S10_inst_13.txt algo_union seconds=10.220317 profit=1781058 moving_time=7740
S10 [14/30] running S10_inst_14.txt algo_union
S13 [13/30] ok S13_inst_13.txt algo_union seconds=10.438168 profit=1027636 moving_time=2970
S13 [14/30] running S13_inst_14.txt algo_union
S4 [29/30] ok S4_inst_29.txt algo_union seconds=10.290281 profit=4929138 moving_time=17640
S4 [30/30] running S4_inst_30.txt algo_union
S12 [14/30] ok S12_inst_14.txt algo_union seconds=10.185948 profit=-3056212 moving_time=0
S12 [15/30] running S12_inst_15.txt algo_union
S10 [14/30] ok S10_inst_14.txt algo_union seconds=10.157099 profit=1612699 moving_time=6840
S10 [15/30] running S10_inst_15.txt algo_union
S13 [14/30] ok S13_inst_14.txt algo_union seconds=10.343993 profit=-331006 moving_time=1980
S13 [15/30] running S13_inst_15.txt algo_union
S4 [30/30] ok S4_inst_30.txt algo_union seconds=10.283003 profit=5505071 moving_time=18450
scenario done: S4
S12 [15/30] ok S12_inst_15.txt algo_union seconds=10.185504 profit=-3310492 moving_time=0
S12 [16/30] running S12_inst_16.txt algo_union
S10 [15/30] ok S10_inst_15.txt algo_union seconds=10.139714 profit=1611099 moving_time=6840
S10 [16/30] running S10_inst_16.txt algo_union
S13 [15/30] ok S13_inst_15.txt algo_union seconds=10.268175 profit=-588586 moving_time=1800
S13 [16/30] running S13_inst_16.txt algo_union
S12 [16/30] ok S12_inst_16.txt algo_union seconds=10.118503 profit=-3437939 moving_time=0
S12 [17/30] running S12_inst_17.txt algo_union
S10 [16/30] ok S10_inst_16.txt algo_union seconds=10.231761 profit=1503101 moving_time=6570
S10 [17/30] running S10_inst_17.txt algo_union
S13 [16/30] ok S13_inst_16.txt algo_union seconds=10.280140 profit=227365 moving_time=2610
S13 [17/30] running S13_inst_17.txt algo_union
S12 [17/30] ok S12_inst_17.txt algo_union seconds=10.169807 profit=-2858202 moving_time=0
S12 [18/30] running S12_inst_18.txt algo_union
S10 [17/30] ok S10_inst_17.txt algo_union seconds=10.258547 profit=1798464 moving_time=7830
S10 [18/30] running S10_inst_18.txt algo_union
S13 [17/30] ok S13_inst_17.txt algo_union seconds=10.393791 profit=95215 moving_time=2250
S13 [18/30] running S13_inst_18.txt algo_union
S12 [18/30] ok S12_inst_18.txt algo_union seconds=10.194964 profit=-2605298 moving_time=0
S12 [19/30] running S12_inst_19.txt algo_union
S10 [18/30] ok S10_inst_18.txt algo_union seconds=10.285155 profit=1533585 moving_time=6480
S10 [19/30] running S10_inst_19.txt algo_union
S13 [18/30] ok S13_inst_18.txt algo_union seconds=10.393220 profit=606434 moving_time=2880
S13 [19/30] running S13_inst_19.txt algo_union
S12 [19/30] ok S12_inst_19.txt algo_union seconds=10.203729 profit=-2953975 moving_time=0
S12 [20/30] running S12_inst_20.txt algo_union
S10 [19/30] ok S10_inst_19.txt algo_union seconds=10.356368 profit=1678148 moving_time=7920
S10 [20/30] running S10_inst_20.txt algo_union
S13 [19/30] ok S13_inst_19.txt algo_union seconds=10.321913 profit=231820 moving_time=1890
S13 [20/30] running S13_inst_20.txt algo_union
S12 [20/30] ok S12_inst_20.txt algo_union seconds=10.178962 profit=-2791556 moving_time=0
S12 [21/30] running S12_inst_21.txt algo_union
S10 [20/30] ok S10_inst_20.txt algo_union seconds=10.387532 profit=1769478 moving_time=7740
S10 [21/30] running S10_inst_21.txt algo_union
S13 [20/30] ok S13_inst_20.txt algo_union seconds=10.237269 profit=-979869 moving_time=1170
S13 [21/30] running S13_inst_21.txt algo_union
S12 [21/30] ok S12_inst_21.txt algo_union seconds=10.155155 profit=-2396915 moving_time=0
S12 [22/30] running S12_inst_22.txt algo_union
S10 [21/30] ok S10_inst_21.txt algo_union seconds=10.169948 profit=1908769 moving_time=7650
S10 [22/30] running S10_inst_22.txt algo_union
S13 [21/30] ok S13_inst_21.txt algo_union seconds=10.258294 profit=-1758126 moving_time=720
S13 [22/30] running S13_inst_22.txt algo_union
S12 [22/30] ok S12_inst_22.txt algo_union seconds=10.165843 profit=-3268682 moving_time=0
S12 [23/30] running S12_inst_23.txt algo_union
S10 [22/30] ok S10_inst_22.txt algo_union seconds=10.315612 profit=1719136 moving_time=7740
S10 [23/30] running S10_inst_23.txt algo_union
S13 [22/30] ok S13_inst_22.txt algo_union seconds=10.434659 profit=622444 moving_time=2970
S13 [23/30] running S13_inst_23.txt algo_union
S12 [23/30] ok S12_inst_23.txt algo_union seconds=10.220810 profit=-3100879 moving_time=0
S12 [24/30] running S12_inst_24.txt algo_union
S10 [23/30] ok S10_inst_23.txt algo_union seconds=10.110976 profit=1722147 moving_time=7650
S10 [24/30] running S10_inst_24.txt algo_union
S13 [23/30] ok S13_inst_23.txt algo_union seconds=10.454387 profit=-102436 moving_time=2430
S13 [24/30] running S13_inst_24.txt algo_union
S12 [24/30] ok S12_inst_24.txt algo_union seconds=10.420002 profit=-2144079 moving_time=0
S12 [25/30] running S12_inst_25.txt algo_union
S10 [24/30] ok S10_inst_24.txt algo_union seconds=10.118697 profit=1663538 moving_time=7650
S10 [25/30] running S10_inst_25.txt algo_union
S13 [24/30] ok S13_inst_24.txt algo_union seconds=10.264624 profit=-846163 moving_time=1440
S13 [25/30] running S13_inst_25.txt algo_union
S12 [25/30] ok S12_inst_25.txt algo_union seconds=10.199197 profit=-3459513 moving_time=0
S12 [26/30] running S12_inst_26.txt algo_union
S10 [25/30] ok S10_inst_25.txt algo_union seconds=10.124040 profit=1638711 moving_time=7380
S10 [26/30] running S10_inst_26.txt algo_union
S13 [25/30] ok S13_inst_25.txt algo_union seconds=10.377154 profit=341443 moving_time=2250
S13 [26/30] running S13_inst_26.txt algo_union
S12 [26/30] ok S12_inst_26.txt algo_union seconds=10.223145 profit=-2891986 moving_time=0
S12 [27/30] running S12_inst_27.txt algo_union
S10 [26/30] ok S10_inst_26.txt algo_union seconds=10.377328 profit=1423613 moving_time=7920
S10 [27/30] running S10_inst_27.txt algo_union
S13 [26/30] ok S13_inst_26.txt algo_union seconds=10.156545 profit=-2000641 moving_time=180
S13 [27/30] running S13_inst_27.txt algo_union
S12 [27/30] ok S12_inst_27.txt algo_union seconds=10.359741 profit=-2921605 moving_time=0
S12 [28/30] running S12_inst_28.txt algo_union
S10 [27/30] ok S10_inst_27.txt algo_union seconds=10.084679 profit=1741806 moving_time=7650
S10 [28/30] running S10_inst_28.txt algo_union
S13 [27/30] ok S13_inst_27.txt algo_union seconds=10.414561 profit=-86895 moving_time=2430
S13 [28/30] running S13_inst_28.txt algo_union
S12 [28/30] ok S12_inst_28.txt algo_union seconds=10.193367 profit=-2827262 moving_time=0
S12 [29/30] running S12_inst_29.txt algo_union
S10 [28/30] ok S10_inst_28.txt algo_union seconds=10.151278 profit=1471261 moving_time=7200
S10 [29/30] running S10_inst_29.txt algo_union
S13 [28/30] ok S13_inst_28.txt algo_union seconds=10.380687 profit=471078 moving_time=2700
S13 [29/30] running S13_inst_29.txt algo_union
S12 [29/30] ok S12_inst_29.txt algo_union seconds=10.158894 profit=-2118554 moving_time=0
S12 [30/30] running S12_inst_30.txt algo_union
S10 [29/30] ok S10_inst_29.txt algo_union seconds=10.111232 profit=1517002 moving_time=7020
S10 [30/30] running S10_inst_30.txt algo_union
S13 [29/30] ok S13_inst_29.txt algo_union seconds=10.478098 profit=186848 moving_time=2610
S13 [30/30] running S13_inst_30.txt algo_union
S12 [30/30] ok S12_inst_30.txt algo_union seconds=10.233832 profit=-2825113 moving_time=0
scenario done: S12
S10 [30/30] ok S10_inst_30.txt algo_union seconds=10.134882 profit=1502264 moving_time=7830
scenario done: S10
S13 [30/30] ok S13_inst_30.txt algo_union seconds=10.196086 profit=-560592 moving_time=1260
scenario done: S13
ALL DONE
