START 2026-05-12 22:29:30 jobs=90 max_seconds=10.0
[1/90] running S13_inst_01.txt algo2
START 2026-05-12 22:30:14 jobs=90 max_seconds=10.0
[1/90] running S13_inst_01.txt algo2
[1/90] ok S13_inst_01.txt algo2 seconds=1.928022 profit=-913693 moving_time=1890
[2/90] running S13_inst_01.txt algo3
[2/90] ok S13_inst_01.txt algo3 seconds=10.021778 profit=-910498 moving_time=1890
[3/90] running S13_inst_01.txt algo4
[3/90] ok S13_inst_01.txt algo4 seconds=9.977789 profit=-671833 moving_time=1890
[4/90] running S13_inst_02.txt algo2
[4/90] ok S13_inst_02.txt algo2 seconds=1.652218 profit=24772 moving_time=2970
[5/90] running S13_inst_02.txt algo3
[5/90] ok S13_inst_02.txt algo3 seconds=10.016013 profit=456289 moving_time=2970
[6/90] running S13_inst_02.txt algo4
[6/90] ok S13_inst_02.txt algo4 seconds=9.980604 profit=555142 moving_time=2970
[7/90] running S13_inst_03.txt algo2
[7/90] ok S13_inst_03.txt algo2 seconds=1.656831 profit=-440186 moving_time=1980
[8/90] running S13_inst_03.txt algo3
[8/90] ok S13_inst_03.txt algo3 seconds=10.009639 profit=-292373 moving_time=1980
[9/90] running S13_inst_03.txt algo4
[9/90] ok S13_inst_03.txt algo4 seconds=9.972366 profit=-121916 moving_time=1980
[10/90] running S13_inst_04.txt algo2
[10/90] ok S13_inst_04.txt algo2 seconds=1.747760 profit=-2017929 moving_time=900
[11/90] running S13_inst_04.txt algo3
[11/90] ok S13_inst_04.txt algo3 seconds=10.013228 profit=-1938915 moving_time=900
[12/90] running S13_inst_04.txt algo4
[12/90] ok S13_inst_04.txt algo4 seconds=9.978267 profit=-1905822 moving_time=900
[13/90] running S13_inst_05.txt algo2
[13/90] ok S13_inst_05.txt algo2 seconds=1.386790 profit=60478 moving_time=2610
[14/90] running S13_inst_05.txt algo3
[14/90] ok S13_inst_05.txt algo3 seconds=10.010556 profit=293728 moving_time=2520
[15/90] running S13_inst_05.txt algo4
[15/90] ok S13_inst_05.txt algo4 seconds=9.973870 profit=382081 moving_time=2610
[16/90] running S13_inst_06.txt algo2
[16/90] ok S13_inst_06.txt algo2 seconds=1.728763 profit=-156424 moving_time=2700
[17/90] running S13_inst_06.txt algo3
[17/90] ok S13_inst_06.txt algo3 seconds=10.018645 profit=461969 moving_time=2700
[18/90] running S13_inst_06.txt algo4
[18/90] ok S13_inst_06.txt algo4 seconds=9.980728 profit=755894 moving_time=2700
[19/90] running S13_inst_07.txt algo2
[19/90] ok S13_inst_07.txt algo2 seconds=1.959260 profit=-730477 moving_time=1260
[20/90] running S13_inst_07.txt algo3
[20/90] ok S13_inst_07.txt algo3 seconds=10.019249 profit=-546001 moving_time=1260
[21/90] running S13_inst_07.txt algo4
[21/90] ok S13_inst_07.txt algo4 seconds=9.993111 profit=-351181 moving_time=1260
[22/90] running S13_inst_08.txt algo2
[22/90] ok S13_inst_08.txt algo2 seconds=2.147106 profit=-1212816 moving_time=1350
[23/90] running S13_inst_08.txt algo3
[23/90] ok S13_inst_08.txt algo3 seconds=10.014363 profit=-987681 moving_time=1350
[24/90] running S13_inst_08.txt algo4
[24/90] ok S13_inst_08.txt algo4 seconds=9.985035 profit=-943410 moving_time=1350
[25/90] running S13_inst_09.txt algo2
[25/90] ok S13_inst_09.txt algo2 seconds=1.658911 profit=-1326834 moving_time=990
[26/90] running S13_inst_09.txt algo3
[26/90] ok S13_inst_09.txt algo3 seconds=10.010762 profit=-1258293 moving_time=990
[27/90] running S13_inst_09.txt algo4
[27/90] ok S13_inst_09.txt algo4 seconds=9.974747 profit=-1108110 moving_time=990
[28/90] running S13_inst_10.txt algo2
[28/90] ok S13_inst_10.txt algo2 seconds=1.921514 profit=-401467 moving_time=2430
[29/90] running S13_inst_10.txt algo3
[29/90] ok S13_inst_10.txt algo3 seconds=10.022423 profit=-186064 moving_time=2430
[30/90] running S13_inst_10.txt algo4
[30/90] ok S13_inst_10.txt algo4 seconds=9.984022 profit=-71593 moving_time=2430
[31/90] running S13_inst_11.txt algo2
[31/90] ok S13_inst_11.txt algo2 seconds=1.743303 profit=-229872 moving_time=2610
[32/90] running S13_inst_11.txt algo3
[32/90] ok S13_inst_11.txt algo3 seconds=10.014347 profit=-13827 moving_time=2610
[33/90] running S13_inst_11.txt algo4
[33/90] ok S13_inst_11.txt algo4 seconds=9.979776 profit=36618 moving_time=2610
[34/90] running S13_inst_12.txt algo2
[34/90] ok S13_inst_12.txt algo2 seconds=2.401664 profit=-1817511 moving_time=720
[35/90] running S13_inst_12.txt algo3
[35/90] ok S13_inst_12.txt algo3 seconds=10.016716 profit=-1745211 moving_time=720
[36/90] running S13_inst_12.txt algo4
[36/90] ok S13_inst_12.txt algo4 seconds=9.988624 profit=-1679142 moving_time=720
[37/90] running S13_inst_13.txt algo2
[37/90] ok S13_inst_13.txt algo2 seconds=1.196894 profit=297736 moving_time=2970
[38/90] running S13_inst_13.txt algo3
[38/90] ok S13_inst_13.txt algo3 seconds=10.013968 profit=804115 moving_time=2970
[39/90] running S13_inst_13.txt algo4
[39/90] ok S13_inst_13.txt algo4 seconds=9.980980 profit=1027636 moving_time=2970
[40/90] running S13_inst_14.txt algo2
[40/90] ok S13_inst_14.txt algo2 seconds=2.143486 profit=-782320 moving_time=1980
[41/90] running S13_inst_14.txt algo3
[41/90] ok S13_inst_14.txt algo3 seconds=10.014821 profit=-405208 moving_time=1980
[42/90] running S13_inst_14.txt algo4
[42/90] ok S13_inst_14.txt algo4 seconds=9.991103 profit=-331006 moving_time=1980
[43/90] running S13_inst_15.txt algo2
[43/90] ok S13_inst_15.txt algo2 seconds=2.062349 profit=-1048696 moving_time=1800
[44/90] running S13_inst_15.txt algo3
[44/90] ok S13_inst_15.txt algo3 seconds=10.023993 profit=-725365 moving_time=1800
[45/90] running S13_inst_15.txt algo4
[45/90] ok S13_inst_15.txt algo4 seconds=9.968900 profit=-588586 moving_time=1800
[46/90] running S13_inst_16.txt algo2
[46/90] ok S13_inst_16.txt algo2 seconds=1.563104 profit=-216734 moving_time=2610
[47/90] running S13_inst_16.txt algo3
[47/90] ok S13_inst_16.txt algo3 seconds=10.015126 profit=-23216 moving_time=2610
[48/90] running S13_inst_16.txt algo4
[48/90] ok S13_inst_16.txt algo4 seconds=9.976476 profit=227365 moving_time=2610
[49/90] running S13_inst_17.txt algo2
[49/90] ok S13_inst_17.txt algo2 seconds=1.776013 profit=-169904 moving_time=2250
[50/90] running S13_inst_17.txt algo3
[50/90] ok S13_inst_17.txt algo3 seconds=10.014341 profit=-131012 moving_time=2250
[51/90] running S13_inst_17.txt algo4
[51/90] ok S13_inst_17.txt algo4 seconds=9.972107 profit=95215 moving_time=2250
[52/90] running S13_inst_18.txt algo2
[52/90] ok S13_inst_18.txt algo2 seconds=1.326197 profit=-22423 moving_time=2880
[53/90] running S13_inst_18.txt algo3
[53/90] ok S13_inst_18.txt algo3 seconds=10.020296 profit=449183 moving_time=2880
[54/90] running S13_inst_18.txt algo4
[54/90] ok S13_inst_18.txt algo4 seconds=9.964914 profit=606434 moving_time=2880
[55/90] running S13_inst_19.txt algo2
[55/90] ok S13_inst_19.txt algo2 seconds=1.626881 profit=-186752 moving_time=1890
[56/90] running S13_inst_19.txt algo3
[56/90] ok S13_inst_19.txt algo3 seconds=10.014780 profit=45790 moving_time=1890
[57/90] running S13_inst_19.txt algo4
[57/90] ok S13_inst_19.txt algo4 seconds=9.983098 profit=231820 moving_time=1890
[58/90] running S13_inst_20.txt algo2
[58/90] ok S13_inst_20.txt algo2 seconds=2.103261 profit=-1416204 moving_time=1170
[59/90] running S13_inst_20.txt algo3
[59/90] ok S13_inst_20.txt algo3 seconds=10.014276 profit=-1142610 moving_time=1170
[60/90] running S13_inst_20.txt algo4
[60/90] ok S13_inst_20.txt algo4 seconds=9.992380 profit=-979869 moving_time=1170
[61/90] running S13_inst_21.txt algo2
[61/90] ok S13_inst_21.txt algo2 seconds=2.059879 profit=-1691946 moving_time=720
[62/90] running S13_inst_21.txt algo3
[62/90] ok S13_inst_21.txt algo3 seconds=10.020507 profit=-1758126 moving_time=720
[63/90] running S13_inst_21.txt algo4
[63/90] ok S13_inst_21.txt algo4 seconds=9.980037 profit=-1758126 moving_time=720
[64/90] running S13_inst_22.txt algo2
[64/90] ok S13_inst_22.txt algo2 seconds=1.192648 profit=102973 moving_time=2970
[65/90] running S13_inst_22.txt algo3
[65/90] ok S13_inst_22.txt algo3 seconds=10.022072 profit=501940 moving_time=2970
[66/90] running S13_inst_22.txt algo4
[66/90] ok S13_inst_22.txt algo4 seconds=9.962335 profit=622444 moving_time=2970
[67/90] running S13_inst_23.txt algo2
[67/90] ok S13_inst_23.txt algo2 seconds=1.856199 profit=-604843 moving_time=2430
[68/90] running S13_inst_23.txt algo3
[68/90] ok S13_inst_23.txt algo3 seconds=10.014799 profit=-288112 moving_time=2430
[69/90] running S13_inst_23.txt algo4
[69/90] ok S13_inst_23.txt algo4 seconds=9.976126 profit=-102436 moving_time=2430
[70/90] running S13_inst_24.txt algo2
[70/90] ok S13_inst_24.txt algo2 seconds=2.096159 profit=-1122706 moving_time=1440
[71/90] running S13_inst_24.txt algo3
[71/90] ok S13_inst_24.txt algo3 seconds=10.014341 profit=-846163 moving_time=1440
[72/90] running S13_inst_24.txt algo4
[72/90] ok S13_inst_24.txt algo4 seconds=9.968799 profit=-846163 moving_time=1440
[73/90] running S13_inst_25.txt algo2
[73/90] ok S13_inst_25.txt algo2 seconds=1.137790 profit=-117257 moving_time=2250
[74/90] running S13_inst_25.txt algo3
[74/90] ok S13_inst_25.txt algo3 seconds=10.010876 profit=229993 moving_time=2250
[75/90] running S13_inst_25.txt algo4
[75/90] ok S13_inst_25.txt algo4 seconds=9.970905 profit=341443 moving_time=2250
[76/90] running S13_inst_26.txt algo2
[76/90] ok S13_inst_26.txt algo2 seconds=1.751498 profit=-2019592 moving_time=180
[77/90] running S13_inst_26.txt algo3
[77/90] ok S13_inst_26.txt algo3 seconds=10.019988 profit=-2000641 moving_time=180
[78/90] running S13_inst_26.txt algo4
[78/90] ok S13_inst_26.txt algo4 seconds=9.984113 profit=-2000641 moving_time=180
[79/90] running S13_inst_27.txt algo2
[79/90] ok S13_inst_27.txt algo2 seconds=2.010268 profit=-632694 moving_time=2430
[80/90] running S13_inst_27.txt algo3
[80/90] ok S13_inst_27.txt algo3 seconds=10.018053 profit=-304374 moving_time=2430
[81/90] running S13_inst_27.txt algo4
[81/90] ok S13_inst_27.txt algo4 seconds=9.970575 profit=-86895 moving_time=2430
[82/90] running S13_inst_28.txt algo2
[82/90] ok S13_inst_28.txt algo2 seconds=1.442643 profit=-199992 moving_time=2700
[83/90] running S13_inst_28.txt algo3
[83/90] ok S13_inst_28.txt algo3 seconds=10.014206 profit=291873 moving_time=2700
[84/90] running S13_inst_28.txt algo4
[84/90] ok S13_inst_28.txt algo4 seconds=9.969565 profit=471078 moving_time=2700
[85/90] running S13_inst_29.txt algo2
[85/90] ok S13_inst_29.txt algo2 seconds=2.005181 profit=-33733 moving_time=2610
[86/90] running S13_inst_29.txt algo3
[86/90] ok S13_inst_29.txt algo3 seconds=10.016429 profit=97190 moving_time=2610
[87/90] running S13_inst_29.txt algo4
[87/90] ok S13_inst_29.txt algo4 seconds=9.977884 profit=186848 moving_time=2610
[88/90] running S13_inst_30.txt algo2
[88/90] ok S13_inst_30.txt algo2 seconds=1.353289 profit=-814803 moving_time=1260
[89/90] running S13_inst_30.txt algo3
[89/90] ok S13_inst_30.txt algo3 seconds=10.015181 profit=-742680 moving_time=1260
[90/90] running S13_inst_30.txt algo4
[90/90] ok S13_inst_30.txt algo4 seconds=9.987383 profit=-560592 moving_time=1260
DONE 2026-05-12 22:41:12
